Component: ARM Compiler 5.06 update 2 (build 183) Tool: armlink [4d35b7]

==============================================================================

Section Cross References

    instance.o(.text) refers to deca_device.o(.text) for dwt_writetxfctrl
    instance.o(.text) refers to port.o(.text) for portGetTickCnt
    instance.o(.text) refers to instance_common.o(.text) for reportTOF
    instance.o(.text) refers to led.o(.text) for led_on
    instance.o(.text) refers to stm32f10x_gpio.o(.text) for GPIO_ResetBits
    instance.o(.text) refers to delay.o(.text) for Sleep
    instance.o(.text) refers to instance_common.o(.bss) for instance_data
    instance.o(.text) refers to dfltll_clz.o(x$fpl$dfltll) for __aeabi_l2d
    instance.o(.text) refers to dmul.o(x$fpl$dmul) for __aeabi_dmul
    instance.o(.text) refers to daddsub_clz.o(x$fpl$dsub) for __aeabi_dsub
    instance.o(.text) refers to daddsub_clz.o(x$fpl$dadd) for __aeabi_dadd
    instance.o(.text) refers to ddiv.o(x$fpl$ddiv) for __aeabi_ddiv
    instance.o(.text) refers to dfix.o(x$fpl$dfix) for __aeabi_d2iz
    instance.o(.text) refers to fmul.o(x$fpl$fmul) for __aeabi_fmul
    instance.o(.text) refers to fdiv.o(x$fpl$fdiv) for __aeabi_fdiv
    instance.o(.text) refers to f2d.o(x$fpl$f2d) for __aeabi_f2d
    instance.o(.text) refers to ceil.o(i.ceil) for ceil
    instance.o(.text) refers to fflt_clz.o(x$fpl$fflt) for __aeabi_i2f
    instance.o(.text) refers to faddsub_clz.o(x$fpl$fadd) for __aeabi_fadd
    instance.o(.text) refers to ffix.o(x$fpl$ffix) for __aeabi_f2iz
    instance.o(.text) refers to dflt_clz.o(x$fpl$dflt) for __aeabi_i2d
    instance.o(.text) refers to deca_params_init.o(.constdata) for dwnsSFDlen
    instance_calib.o(.text) refers to rt_memcpy_w.o(.text) for __aeabi_memcpy4
    instance_calib.o(.text) refers to port.o(.text) for SPI_ConfigFastRate
    instance_calib.o(.text) refers to deca_device.o(.text) for dwt_configcontinuousframemode
    instance_calib.o(.text) refers to instance_calib.o(.conststring) for .conststring
    instance_common.o(.text) refers to ddiv.o(x$fpl$ddiv) for __aeabi_ddiv
    instance_common.o(.text) refers to dfixull.o(x$fpl$llufromd) for __aeabi_d2ulz
    instance_common.o(.text) refers to dflt_clz.o(x$fpl$dflt) for __aeabi_i2d
    instance_common.o(.text) refers to dmul.o(x$fpl$dmul) for __aeabi_dmul
    instance_common.o(.text) refers to d2f.o(x$fpl$d2f) for __aeabi_d2f
    instance_common.o(.text) refers to deca_range_tables.o(.text) for dwt_getrangebias
    instance_common.o(.text) refers to daddsub_clz.o(x$fpl$drsb) for __aeabi_drsub
    instance_common.o(.text) refers to dleqf.o(x$fpl$dleqf) for __aeabi_cdcmple
    instance_common.o(.text) refers to drleqf.o(x$fpl$drleqf) for __aeabi_cdrcmple
    instance_common.o(.text) refers to deca_device.o(.text) for dwt_configeventcounters
    instance_common.o(.text) refers to rt_memcpy_w.o(.text) for __aeabi_memcpy4
    instance_common.o(.text) refers to instance_common.o(.bss) for inst_idistraw
    instance_common.o(.text) refers to port.o(.text) for portGetTickCnt
    instance_common.o(.text) refers to led.o(.text) for led_on
    instance_common.o(.text) refers to rt_memclr_w.o(.text) for __aeabi_memclr4
    instance_common.o(.text) refers to instance_calib.o(.constdata) for txSpectrumConfig
    instance_common.o(.text) refers to instance.o(.text) for instancesetreplydelay
    instance_common.o(.text) refers to dfix.o(x$fpl$dfix) for __aeabi_d2iz
    instance_common.o(.text) refers to stm32f10x_gpio.o(.text) for GPIO_ResetBits
    instance_common.o(.text) refers to delay.o(.text) for Sleep
    deca_device.o(.text) refers to deca_spi.o(.text) for writetospi_serial
    deca_device.o(.text) refers to delay.o(.text) for Sleep
    deca_device.o(.text) refers to deca_device.o(.bss) for dw1000local
    deca_device.o(.text) refers to deca_params_init.o(.constdata) for pll2calcfg
    deca_device.o(.text) refers to dflt_clz.o(x$fpl$dfltu) for __aeabi_ui2d
    deca_device.o(.text) refers to dmul.o(x$fpl$dmul) for __aeabi_dmul
    deca_device.o(.text) refers to noretval__2printf.o(.text) for __2printf
    deca_device.o(.text) refers to deca_device.o(.conststring) for .conststring
    deca_device.o(.text) refers to deca_mutex.o(.text) for decamutexon
    deca_device.o(.text) refers to deca_device.o(.data) for status_idx
    deca_range_tables.o(.text) refers to f2d.o(x$fpl$f2d) for __aeabi_f2d
    deca_range_tables.o(.text) refers to dmul.o(x$fpl$dmul) for __aeabi_dmul
    deca_range_tables.o(.text) refers to dfix.o(x$fpl$dfix) for __aeabi_d2iz
    deca_range_tables.o(.text) refers to fflt_clz.o(x$fpl$fflt) for __aeabi_i2f
    deca_range_tables.o(.text) refers to deca_range_tables.o(.constdata) for chan_idxwb
    deca_mutex.o(.text) refers to port.o(.text) for EXTI_GetITEnStatus
    deca_spi.o(.text) refers to stm32f10x_spi.o(.text) for SPI_I2S_GetFlagStatus
    deca_spi.o(.text) refers to deca_mutex.o(.text) for decamutexon
[...]
    __rt_lib_shutdown_user_alloc_1           0x0800020b   Thumb Code     0  libshutdown2.o(.ARM.Collect$$libshutdown$$0000000C)
    __rt_entry                               0x0800020d   Thumb Code     0  __rtentry.o(.ARM.Collect$$rtentry$$00000000)
    __rt_entry_presh_1                       0x0800020d   Thumb Code     0  __rtentry2.o(.ARM.Collect$$rtentry$$00000002)
    __rt_entry_sh                            0x0800020d   Thumb Code     0  __rtentry4.o(.ARM.Collect$$rtentry$$00000004)
    __rt_entry_li                            0x08000213   Thumb Code     0  __rtentry2.o(.ARM.Collect$$rtentry$$0000000A)
    __rt_entry_postsh_1                      0x08000213   Thumb Code     0  __rtentry2.o(.ARM.Collect$$rtentry$$00000009)
    __rt_entry_main                          0x08000217   Thumb Code     0  __rtentry2.o(.ARM.Collect$$rtentry$$0000000D)
    __rt_entry_postli_1                      0x08000217   Thumb Code     0  __rtentry2.o(.ARM.Collect$$rtentry$$0000000C)
    __rt_exit                                0x0800021f   Thumb Code     0  rtexit.o(.ARM.Collect$$rtexit$$00000000)
    __rt_exit_ls                             0x08000221   Thumb Code     0  rtexit2.o(.ARM.Collect$$rtexit$$00000003)
    __rt_exit_prels_1                        0x08000221   Thumb Code     0  rtexit2.o(.ARM.Collect$$rtexit$$00000002)
    __rt_exit_exit                           0x08000225   Thumb Code     0  rtexit2.o(.ARM.Collect$$rtexit$$00000004)
    dwt_writetodevice                        0x0800022d   Thumb Code   104  deca_device.o(.text)
    dwt_write16bitoffsetreg                  0x08000295   Thumb Code    38  deca_device.o(.text)
    dwt_write32bitoffsetreg                  0x080002bb   Thumb Code    48  deca_device.o(.text)
    dwt_readfromdevice                       0x080002eb   Thumb Code   100  deca_device.o(.text)
    dwt_read32bitoffsetreg                   0x0800034f   Thumb Code    56  deca_device.o(.text)
    _dwt_enableclocks                        0x08000387   Thumb Code   228  deca_device.o(.text)
    dwt_read16bitoffsetreg                   0x0800046b   Thumb Code    44  deca_device.o(.text)
    _dwt_loaducodefromrom                    0x08000497   Thumb Code    54  deca_device.o(.text)
    _dwt_otpread                             0x080004cd   Thumb Code    78  deca_device.o(.text)
    dwt_readdevid                            0x0800051b   Thumb Code    12  deca_device.o(.text)
    dwt_initialise                           0x08000527   Thumb Code   492  deca_device.o(.text)
    dwt_getTREKOTPantennadelay               0x08000713   Thumb Code    70  deca_device.o(.text)
    dwt_otprevision                          0x08000759   Thumb Code     6  deca_device.o(.text)
    dwt_setGPIOforEXTTRX                     0x0800075f   Thumb Code    40  deca_device.o(.text)
    dwt_setGPIOdirection                     0x08000787   Thumb Code    42  deca_device.o(.text)
    dwt_setGPIOvalue                         0x080007b1   Thumb Code    42  deca_device.o(.text)
    dwt_getldotune                           0x080007db   Thumb Code     8  deca_device.o(.text)
    dwt_getpartid                            0x080007e3   Thumb Code     6  deca_device.o(.text)
    dwt_getlotid                             0x080007e9   Thumb Code     6  deca_device.o(.text)
    dwt_configuretxrf                        0x080007ef   Thumb Code    28  deca_device.o(.text)
    dwt_getotptxpower                        0x0800080b   Thumb Code    22  deca_device.o(.text)
    dwt_settxantennadelay                    0x08000821   Thumb Code    20  deca_device.o(.text)
    dwt_setrxantennadelay                    0x08000835   Thumb Code    22  deca_device.o(.text)
    dwt_xtaltrim                             0x0800084b   Thumb Code    52  deca_device.o(.text)
    _dwt_configlde                           0x0800087f   Thumb Code    56  deca_device.o(.text)
    dwt_configure                            0x080008b7   Thumb Code   644  deca_device.o(.text)
    dwt_readantennadelay                     0x08000b3b   Thumb Code    16  deca_device.o(.text)
    dwt_writetxdata                          0x08000b4b   Thumb Code    38  deca_device.o(.text)
    dwt_writetxfctrl                         0x08000b71   Thumb Code    30  deca_device.o(.text)
    dwt_readrxdata                           0x08000b8f   Thumb Code    22  deca_device.o(.text)
    dwt_readaccdata                          0x08000ba5   Thumb Code    34  deca_device.o(.text)
    dwt_readdignostics                       0x08000bc7   Thumb Code    96  deca_device.o(.text)
    dwt_readtxtimestamp                      0x08000c27   Thumb Code    18  deca_device.o(.text)
    dwt_readtxtimestamphi32                  0x08000c39   Thumb Code    12  deca_device.o(.text)
    dwt_readtxtimestamplo32                  0x08000c45   Thumb Code    12  deca_device.o(.text)
    dwt_readrxtimestamp                      0x08000c51   Thumb Code    18  deca_device.o(.text)
    dwt_readrxtimestamphi32                  0x08000c63   Thumb Code    12  deca_device.o(.text)
    dwt_readrxtimestamplo32                  0x08000c6f   Thumb Code    12  deca_device.o(.text)
    dwt_readsystimestamphi32                 0x08000c7b   Thumb Code    12  deca_device.o(.text)
    dwt_readsystime                          0x08000c87   Thumb Code    18  deca_device.o(.text)
    dwt_enableframefilter                    0x08000c99   Thumb Code    54  deca_device.o(.text)
    dwt_setpanid                             0x08000ccf   Thumb Code    16  deca_device.o(.text)
    dwt_setaddress16                         0x08000cdf   Thumb Code    16  deca_device.o(.text)
    dwt_seteui                               0x08000cef   Thumb Code    18  deca_device.o(.text)
    dwt_geteui                               0x08000d01   Thumb Code    18  deca_device.o(.text)
    _dwt_otpsetmrregs                        0x08000d13   Thumb Code   632  deca_device.o(.text)
    _dwt_otpprogword32                       0x08000f8b   Thumb Code   182  deca_device.o(.text)
    dwt_otpwriteandverify                    0x08001041   Thumb Code    94  deca_device.o(.text)
    _dwt_aonconfigupload                     0x0800109f   Thumb Code    36  deca_device.o(.text)
    _dwt_aonarrayupload                      0x080010c3   Thumb Code    36  deca_device.o(.text)
    dwt_entersleep                           0x080010e7   Thumb Code     8  deca_device.o(.text)
    dwt_configuresleepcnt                    0x080010ef   Thumb Code   132  deca_device.o(.text)
    dwt_calibratesleepcnt                    0x08001173   Thumb Code   260  deca_device.o(.text)
    dwt_configuresleep                       0x08001277   Thumb Code    32  deca_device.o(.text)
    dwt_entersleepaftertx                    0x08001297   Thumb Code    38  deca_device.o(.text)
    dwt_spicswakeup                          0x080012bd   Thumb Code    58  deca_device.o(.text)
    dwt_loadopsettabfromotp                  0x080012f7   Thumb Code    56  deca_device.o(.text)
    dwt_setsmarttxpower                      0x0800132f   Thumb Code    56  deca_device.o(.text)
    dwt_enableautoack                        0x08001367   Thumb Code    54  deca_device.o(.text)
    dwt_setdblrxbuffmode                     0x0800139d   Thumb Code    58  deca_device.o(.text)
    dwt_setautorxreenable                    0x080013d7   Thumb Code    58  deca_device.o(.text)
    dwt_setrxaftertxdelay                    0x08001411   Thumb Code    36  deca_device.o(.text)
    dwt_setcallbacks                         0x08001435   Thumb Code    12  deca_device.o(.text)
    dwt_checkIRQ                             0x08001441   Thumb Code    24  deca_device.o(.text)
    dwt_rxreset                              0x08001459   Thumb Code    36  deca_device.o(.text)
    dwt_syncrxbufptrs                        0x0800147d   Thumb Code    56  deca_device.o(.text)
    dwt_forcetrxoff                          0x080014b5   Thumb Code    84  deca_device.o(.text)
    dwt_checkoverrun                         0x08001509   Thumb Code    16  deca_device.o(.text)
    dwt_isr                                  0x08001519   Thumb Code   938  deca_device.o(.text)
    dwt_setleds                              0x080018c3   Thumb Code   210  deca_device.o(.text)
    _dwt_disablesequencing                   0x08001995   Thumb Code    20  deca_device.o(.text)
    dwt_setdelayedtrxtime                    0x080019a9   Thumb Code    16  deca_device.o(.text)
    dwt_starttx                              0x080019b9   Thumb Code   150  deca_device.o(.text)
    dwt_setrxmode                            0x08001a4f   Thumb Code    54  deca_device.o(.text)
    dwt_rxenable                             0x08001a85   Thumb Code    88  deca_device.o(.text)
    dwt_setrxtimeout                         0x08001add   Thumb Code   102  deca_device.o(.text)
    dwt_setpreambledetecttimeout             0x08001b43   Thumb Code    16  deca_device.o(.text)
    dwt_setinterrupt                         0x08001b53   Thumb Code    52  deca_device.o(.text)
    dwt_configeventcounters                  0x08001b87   Thumb Code    54  deca_device.o(.text)
    dwt_readeventcounters                    0x08001bbd   Thumb Code   138  deca_device.o(.text)
    dwt_softreset                            0x08001c47   Thumb Code   108  deca_device.o(.text)
    dwt_configcwmode                         0x08001cb3   Thumb Code   144  deca_device.o(.text)
    dwt_configcontinuousframemode            0x08001d43   Thumb Code    78  deca_device.o(.text)
    dwt_readtempvbat                         0x08001d91   Thumb Code   174  deca_device.o(.text)
    dwt_readwakeuptemp                       0x08001e3f   Thumb Code    20  deca_device.o(.text)
    dwt_readwakeupvbat                       0x08001e53   Thumb Code    20  deca_device.o(.text)
    decamutexon                              0x08001e81   Thumb Code    34  deca_mutex.o(.text)
    decamutexoff                             0x08001ea3   Thumb Code    28  deca_mutex.o(.text)
    openspi                                  0x08001ec5   Thumb Code     4  deca_spi.o(.text)
    closespi                                 0x08001ec9   Thumb Code    28  deca_spi.o(.text)
    writetospi_serial                        0x08001ee5   Thumb Code   116  deca_spi.o(.text)
    readfromspi_serial                       0x08001f59   Thumb Code   118  deca_spi.o(.text)
    Check_cmd                                0x08001fd9   Thumb Code    54  device_info.o(.text)
    Get_UniqueID                             0x0800200f   Thumb Code    46  device_info.o(.text)
    Flash_Configuration                      0x0800203d   Thumb Code   206  device_info.o(.text)
    RouterInfo_Write_to_Flash                0x0800210b   Thumb Code     6  device_info.o(.text)
    My_STMFLASH_Write                        0x08002111   Thumb Code    14  device_info.o(.text)
    W5500_Initialization                     0x08002155   Thumb Code    18  main.o(.text)
    Load_Net_Parameters                      0x08002167   Thumb Code   122  main.o(.text)
    W5500_Socket_Set                         0x080021e1   Thumb Code   100  main.o(.text)
    Process_Socket_Data                      0x08002245   Thumb Code    80  main.o(.text)
    Deal_With_MPU6050                        0x08002295   Thumb Code   836  main.o(.text)
    main                                     0x080025d9   Thumb Code   748  main.o(.text)
    Delay                                    0x080028c5   Thumb Code    12  main.o(.text)
    NMI_Handler                              0x080028fd   Thumb Code     2  stm32f10x_it.o(.text)
    HardFault_Handler                        0x080028ff   Thumb Code     4  stm32f10x_it.o(.text)
    MemManage_Handler                        0x08002903   Thumb Code     4  stm32f10x_it.o(.text)
    BusFault_Handler                         0x08002907   Thumb Code     4  stm32f10x_it.o(.text)
    UsageFault_Handler                       0x0800290b   Thumb Code     4  stm32f10x_it.o(.text)
    SVC_Handler                              0x0800290f   Thumb Code     2  stm32f10x_it.o(.text)
    DebugMon_Handler                         0x08002911   Thumb Code     2  stm32f10x_it.o(.text)
    PendSV_Handler                           0x08002913   Thumb Code     2  stm32f10x_it.o(.text)
    SysTick_Handler                          0x08002915   Thumb Code    12  stm32f10x_it.o(.text)
    EXTI15_10_IRQHandler                     0x08002921   Thumb Code    16  stm32f10x_it.o(.text)
    EXTI0_IRQHandler                         0x08002931   Thumb Code    14  stm32f10x_it.o(.text)
    EXTI3_IRQHandler                         0x0800293f   Thumb Code    14  stm32f10x_it.o(.text)
    EXTI9_5_IRQHandler                       0x0800294d   Thumb Code    14  stm32f10x_it.o(.text)
    GPIO_Configuration                       0x08002961   Thumb Code    40  led.o(.text)
    led_off                                  0x08002989   Thumb Code    80  led.o(.text)
    led_on                                   0x080029d9   Thumb Code    80  led.o(.text)
    No_Configuration                         0x08002a4d   Thumb Code     6  port.o(.text)
    portGetTickCnt                           0x08002a53   Thumb Code     6  port.o(.text)
    SysTick_Configuration                    0x08002a59   Thumb Code    78  port.o(.text)
    NVIC_DisableDECAIRQ                      0x08002aa7   Thumb Code    34  port.o(.text)
    NVIC_Configuration                       0x08002ac9   Thumb Code   124  port.o(.text)
    EXTI_GetITEnStatus                       0x08002b45   Thumb Code    24  port.o(.text)
    RCC_Configuration                        0x08002b5d   Thumb Code   146  port.o(.text)
    SPI_ChangeRate                           0x08002bef   Thumb Code    22  port.o(.text)
    SPI_ConfigFastRate                       0x08002c05   Thumb Code    84  port.o(.text)
    SPI_Configuration                        0x08002c59   Thumb Code   172  port.o(.text)
    reset_DW1000                             0x08002d05   Thumb Code    70  port.o(.text)
    setup_DW1000RSTnIRQ                      0x08002d4b   Thumb Code   160  port.o(.text)
    is_IRQ_enabled                           0x08002deb   Thumb Code    10  port.o(.text)
    peripherals_init                         0x08002df5   Thumb Code    22  port.o(.text)
    STMFLASH_ReadHalfWord                    0x08002e31   Thumb Code     6  stmflash.o(.text)
    STMFLASH_Write_NoCheck                   0x08002e37   Thumb Code    38  stmflash.o(.text)
    STMFLASH_Read                            0x08002e5d   Thumb Code    34  stmflash.o(.text)
    STMFLASH_Write                           0x08002e7f   Thumb Code   222  stmflash.o(.text)
    Test_Write                               0x08002f5d   Thumb Code    16  stmflash.o(.text)
    W5500_GPIO_Configuration                 0x08002f75   Thumb Code    38  w5500.o(.text)
    SPI2_Configuration                       0x08002f9b   Thumb Code   176  w5500.o(.text)
    SPI1_Send_Byte                           0x0800304b   Thumb Code    28  w5500.o(.text)
    SPI1_Send_Short                          0x08003067   Thumb Code    28  w5500.o(.text)
    Write_W5500_1Byte                        0x08003083   Thumb Code    46  w5500.o(.text)
    Write_W5500_2Byte                        0x080030b1   Thumb Code    46  w5500.o(.text)
    Write_W5500_nByte                        0x080030df   Thumb Code    66  w5500.o(.text)
    Write_W5500_SOCK_1Byte                   0x08003121   Thumb Code    58  w5500.o(.text)
    Write_W5500_SOCK_2Byte                   0x0800315b   Thumb Code    58  w5500.o(.text)
    Write_W5500_SOCK_4Byte                   0x08003195   Thumb Code    84  w5500.o(.text)
    Read_W5500_1Byte                         0x080031e9   Thumb Code    62  w5500.o(.text)
    Read_W5500_SOCK_1Byte                    0x08003227   Thumb Code    74  w5500.o(.text)
    Read_W5500_SOCK_2Byte                    0x08003271   Thumb Code    98  w5500.o(.text)
    Read_SOCK_Data_Buffer                    0x080032d3   Thumb Code   312  w5500.o(.text)
    Write_SOCK_Data_Buffer                   0x0800340b   Thumb Code   264  w5500.o(.text)
    W5500_Hardware_Reset                     0x08003513   Thumb Code    48  w5500.o(.text)
    W5500_Init                               0x08003543   Thumb Code   110  w5500.o(.text)
    Detect_Gateway                           0x080035b1   Thumb Code   194  w5500.o(.text)
    Socket_Init                              0x08003673   Thumb Code    74  w5500.o(.text)
    Socket_Connect                           0x080036bd   Thumb Code    70  w5500.o(.text)
    Socket_Listen                            0x08003703   Thumb Code   102  w5500.o(.text)
    Socket_UDP                               0x08003769   Thumb Code   102  w5500.o(.text)
    W5500_Interrupt_Process                  0x080037cf   Thumb Code   156  w5500.o(.text)
    Set_System                               0x08003875   Thumb Code    94  hw_config.o(.text)
    Set_USBClock                             0x080038d3   Thumb Code    18  hw_config.o(.text)
    Enter_LowPowerMode                       0x080038e5   Thumb Code     8  hw_config.o(.text)
    Leave_LowPowerMode                       0x080038ed   Thumb Code    22  hw_config.o(.text)
    USB_Interrupts_Config                    0x08003903   Thumb Code    52  hw_config.o(.text)
    USB_Cable_Config                         0x08003937   Thumb Code    30  hw_config.o(.text)
    USB_Config                               0x08003955   Thumb Code    20  hw_config.o(.text)
    USB_RxRead                               0x08003969   Thumb Code    18  hw_config.o(.text)
    USB_RxWrite                              0x0800397b   Thumb Code    18  hw_config.o(.text)
    USB_TxRead                               0x0800398d   Thumb Code    18  hw_config.o(.text)
    USB_TxWrite                              0x0800399f   Thumb Code    18  hw_config.o(.text)
    Get_SerialNum                            0x080039ef   Thumb Code    42  hw_config.o(.text)
    EP1_IN_Callback                          0x08003a41   Thumb Code    66  usb_endp.o(.text)
    EP3_OUT_Callback                         0x08003a83   Thumb Code    28  usb_endp.o(.text)
    SOF_Callback                             0x08003a9f   Thumb Code    84  usb_endp.o(.text)
    USB_Istr                                 0x08003b09   Thumb Code   426  usb_istr.o(.text)
    USB_LP_CAN1_RX0_IRQHandler               0x08003cd9   Thumb Code     8  usb_it.o(.text)
    USBWakeUp_IRQHandler                     0x08003ce1   Thumb Code    12  usb_it.o(.text)
    Virtual_Com_Port_init                    0x08003ced   Thumb Code    30  usb_prop.o(.text)
    Virtual_Com_Port_Reset                   0x08003d0b   Thumb Code   216  usb_prop.o(.text)
    Virtual_Com_Port_SetConfiguration        0x08003de3   Thumb Code    14  usb_prop.o(.text)
    Virtual_Com_Port_SetDeviceAddress        0x08003df1   Thumb Code     8  usb_prop.o(.text)
    Virtual_Com_Port_Status_In               0x08003df9   Thumb Code    16  usb_prop.o(.text)
    Virtual_Com_Port_Status_Out              0x08003e09   Thumb Code     2  usb_prop.o(.text)
    Virtual_Com_Port_SetLineCoding           0x08003e0b   Thumb Code    20  usb_prop.o(.text)
    Virtual_Com_Port_GetLineCoding           0x08003e1f   Thumb Code    20  usb_prop.o(.text)
    Virtual_Com_Port_Data_Setup              0x08003e33   Thumb Code    86  usb_prop.o(.text)
    Virtual_Com_Port_NoData_Setup            0x08003e89   Thumb Code    36  usb_prop.o(.text)
    Virtual_Com_Port_GetDeviceDescriptor     0x08003ead   Thumb Code    14  usb_prop.o(.text)
    Virtual_Com_Port_GetConfigDescriptor     0x08003ebb   Thumb Code    14  usb_prop.o(.text)
    Virtual_Com_Port_GetStringDescriptor     0x08003ec9   Thumb Code    32  usb_prop.o(.text)
    Virtual_Com_Port_Get_Interface_Setting   0x08003ee9   Thumb Code    22  usb_prop.o(.text)
    PowerOn                                  0x08003f29   Thumb Code    54  usb_pwr.o(.text)
    PowerOff                                 0x08003f5f   Thumb Code    28  usb_pwr.o(.text)
    Suspend                                  0x08003f7b   Thumb Code   238  usb_pwr.o(.text)
    Resume_Init                              0x08004069   Thumb Code    30  usb_pwr.o(.text)
    Resume                                   0x08004087   Thumb Code   194  usb_pwr.o(.text)
    Standard_GetConfiguration                0x08004169   Thumb Code    34  usb_core.o(.text)
    Standard_SetConfiguration                0x0800418b   Thumb Code    60  usb_core.o(.text)
    Standard_GetInterface                    0x080041c7   Thumb Code    34  usb_core.o(.text)
    Standard_SetInterface                    0x080041e9   Thumb Code    96  usb_core.o(.text)
    Standard_GetStatus                       0x08004249   Thumb Code   238  usb_core.o(.text)
    Standard_ClearFeature                    0x08004337   Thumb Code   342  usb_core.o(.text)
    Standard_SetEndPointFeature              0x0800448d   Thumb Code   220  usb_core.o(.text)
    Standard_SetDeviceFeature                0x08004569   Thumb Code    30  usb_core.o(.text)
    Standard_GetDescriptorData               0x08004587   Thumb Code    32  usb_core.o(.text)
    Post0_Process                            0x08004abb   Thumb Code    54  usb_core.o(.text)
    Setup0_Process                           0x08004af1   Thumb Code   170  usb_core.o(.text)
    SetDeviceAddress                         0x08004b9b   Thumb Code    70  usb_core.o(.text)
    In0_Process                              0x08004be1   Thumb Code    98  usb_core.o(.text)
    Out0_Process                             0x08004c43   Thumb Code    70  usb_core.o(.text)
    NOP_Process                              0x08004c89   Thumb Code     2  usb_core.o(.text)
    USB_Init                                 0x08004cb9   Thumb Code    36  usb_init.o(.text)
    CTR_LP                                   0x08004cf5   Thumb Code   616  usb_int.o(.text)
    CTR_HP                                   0x08004f5d   Thumb Code   178  usb_int.o(.text)
    UserToPMABufferCopy                      0x08005031   Thumb Code    52  usb_mem.o(.text)
    PMAToUserBufferCopy                      0x08005065   Thumb Code    34  usb_mem.o(.text)
    SetCNTR                                  0x0800508d   Thumb Code     6  usb_regs.o(.text)
    GetCNTR                                  0x08005093   Thumb Code     8  usb_regs.o(.text)
    SetISTR                                  0x0800509b   Thumb Code     8  usb_regs.o(.text)
    GetISTR                                  0x080050a3   Thumb Code    10  usb_regs.o(.text)
    GetFNR                                   0x080050ad   Thumb Code    10  usb_regs.o(.text)
    SetDADDR                                 0x080050b7   Thumb Code     8  usb_regs.o(.text)
    GetDADDR                                 0x080050bf   Thumb Code    10  usb_regs.o(.text)
    SetBTABLE                                0x080050c9   Thumb Code    14  usb_regs.o(.text)
    GetBTABLE                                0x080050d7   Thumb Code    10  usb_regs.o(.text)
    SetENDPOINT                              0x080050e1   Thumb Code    12  usb_regs.o(.text)
    GetENDPOINT                              0x080050ed   Thumb Code    16  usb_regs.o(.text)
    SetEPType                                0x080050fd   Thumb Code    32  usb_regs.o(.text)
    GetEPType                                0x0800511d   Thumb Code    18  usb_regs.o(.text)
    SetEPTxStatus                            0x0800512f   Thumb Code    60  usb_regs.o(.text)
    SetEPRxStatus                            0x0800516b   Thumb Code    60  usb_regs.o(.text)
    SetDouBleBuffEPStall                     0x080051a7   Thumb Code    54  usb_regs.o(.text)
    GetEPTxStatus                            0x080051dd   Thumb Code    18  usb_regs.o(.text)
    GetEPRxStatus                            0x080051ef   Thumb Code    18  usb_regs.o(.text)
    SetEPTxValid                             0x08005201   Thumb Code    48  usb_regs.o(.text)
    SetEPRxValid                             0x08005231   Thumb Code    48  usb_regs.o(.text)
    SetEP_KIND                               0x08005261   Thumb Code    38  usb_regs.o(.text)
    ClearEP_KIND                             0x08005287   Thumb Code    34  usb_regs.o(.text)
    Clear_Status_Out                         0x080052a9   Thumb Code    34  usb_regs.o(.text)
    Set_Status_Out                           0x080052cb   Thumb Code    38  usb_regs.o(.text)
    SetEPDoubleBuff                          0x080052f1   Thumb Code    38  usb_regs.o(.text)
    ClearEPDoubleBuff                        0x08005317   Thumb Code    34  usb_regs.o(.text)
    GetTxStallStatus                         0x08005339   Thumb Code    28  usb_regs.o(.text)
    GetRxStallStatus                         0x08005355   Thumb Code    30  usb_regs.o(.text)
    ClearEP_CTR_RX                           0x08005373   Thumb Code    32  usb_regs.o(.text)
    ClearEP_CTR_TX                           0x08005393   Thumb Code    28  usb_regs.o(.text)
    ToggleDTOG_RX                            0x080053af   Thumb Code    34  usb_regs.o(.text)
    ToggleDTOG_TX                            0x080053d1   Thumb Code    34  usb_regs.o(.text)
    ClearDTOG_RX                             0x080053f3   Thumb Code    48  usb_regs.o(.text)
    ClearDTOG_TX                             0x08005423   Thumb Code    48  usb_regs.o(.text)
    SetEPAddress                             0x08005453   Thumb Code    46  usb_regs.o(.text)
    GetEPAddress                             0x08005481   Thumb Code    18  usb_regs.o(.text)
    SetEPTxAddr                              0x08005493   Thumb Code    24  usb_regs.o(.text)
    SetEPRxAddr                              0x080054ab   Thumb Code    26  usb_regs.o(.text)
    GetEPTxAddr                              0x080054c5   Thumb Code    22  usb_regs.o(.text)
    GetEPRxAddr                              0x080054db   Thumb Code    24  usb_regs.o(.text)
    SetEPTxCount                             0x080054f3   Thumb Code    20  usb_regs.o(.text)
    SetEPCountRxReg                          0x08005507   Thumb Code    48  usb_regs.o(.text)
    SetEPRxCount                             0x08005537   Thumb Code    68  usb_regs.o(.text)
    GetEPTxCount                             0x0800557b   Thumb Code    26  usb_regs.o(.text)
    GetEPRxCount                             0x08005595   Thumb Code    26  usb_regs.o(.text)
    SetEPDblBuffAddr                         0x080055af   Thumb Code    44  usb_regs.o(.text)
    SetEPDblBuf0Addr                         0x080055db   Thumb Code    24  usb_regs.o(.text)
    SetEPDblBuf1Addr                         0x080055f3   Thumb Code    26  usb_regs.o(.text)
    GetEPDblBuf0Addr                         0x0800560d   Thumb Code    22  usb_regs.o(.text)
    GetEPDblBuf1Addr                         0x08005623   Thumb Code    24  usb_regs.o(.text)
    SetEPDblBuffCount                        0x0800563b   Thumb Code   186  usb_regs.o(.text)
    SetEPDblBuf0Count                        0x080056f5   Thumb Code    96  usb_regs.o(.text)
    SetEPDblBuf1Count                        0x08005755   Thumb Code    96  usb_regs.o(.text)
    GetEPDblBuf0Count                        0x080057b5   Thumb Code    26  usb_regs.o(.text)
    GetEPDblBuf1Count                        0x080057cf   Thumb Code    26  usb_regs.o(.text)
    GetEPDblBufDir                           0x080057e9   Thumb Code    62  usb_regs.o(.text)
    FreeUserBuffer                           0x08005827   Thumb Code    90  usb_regs.o(.text)
    ToWord                                   0x08005881   Thumb Code     8  usb_regs.o(.text)
    ByteSwap                                 0x08005889   Thumb Code    12  usb_regs.o(.text)
    USB_SIL_Init                             0x08005895   Thumb Code    28  usb_sil.o(.text)
    USB_SIL_Write                            0x080058b1   Thumb Code    46  usb_sil.o(.text)
    USB_SIL_Read                             0x080058df   Thumb Code    46  usb_sil.o(.text)
    delay_init                               0x08005915   Thumb Code    50  delay.o(.text)
    delay_us                                 0x08005947   Thumb Code    72  delay.o(.text)
    delay_ms                                 0x0800598f   Thumb Code    72  delay.o(.text)
    Sleep                                    0x080059d7   Thumb Code    24  delay.o(.text)
    _sys_exit                                0x08005a01   Thumb Code     6  usart.o(.text)
    fputc                                    0x08005a07   Thumb Code    24  usart.o(.text)
    uart_init                                0x08005a1f   Thumb Code   158  usart.o(.text)
    uart2_init                               0x08005abd   Thumb Code   160  usart.o(.text)
    USART1_Send_Hex                          0x08005b5d   Thumb Code    28  usart.o(.text)
    USART1_Send_PartialCommand               0x08005b79   Thumb Code    22  usart.o(.text)
    Usart_SendString                         0x08005b8f   Thumb Code    50  usart.o(.text)
    GetRecSwtich                             0x08005bc1   Thumb Code    86  usart.o(.text)
    USART1_IRQHandler                        0x08005c17   Thumb Code    98  usart.o(.text)
    QUEUE_PacketCreate                       0x08005c95   Thumb Code    14  queue.o(.text)
    QUEUE_PacketIn                           0x08005ca3   Thumb Code    60  queue.o(.text)
    QUEUE_PacketOut                          0x08005cdf   Thumb Code    58  queue.o(.text)
    QUEUE_PacketLengthGet                    0x08005d19   Thumb Code    44  queue.o(.text)
    QUEUE_PacketStartEndDifferentCharSplit   0x08005d45   Thumb Code   246  queue.o(.text)
    QUEUE_PacketStartEndCharSplit            0x08005e3b   Thumb Code   270  queue.o(.text)
    QUEUE_PacketCharSplit                    0x08005f49   Thumb Code   164  queue.o(.text)
    QUEUE_PacketDoubleEndCharSplit           0x08005fed   Thumb Code   180  queue.o(.text)
    QUEUE_StructCreate                       0x080060a1   Thumb Code    22  queue.o(.text)
    QUEUE_StructIn                           0x080060b7   Thumb Code    80  queue.o(.text)
    QUEUE_StructOut                          0x08006107   Thumb Code    80  queue.o(.text)
    QUEUE_StructCountGet                     0x08006157   Thumb Code    40  queue.o(.text)
    NVIC_PriorityGroupConfig                 0x08006181   Thumb Code    10  misc.o(.text)
    NVIC_Init                                0x0800618b   Thumb Code   100  misc.o(.text)
    NVIC_SetVectorTable                      0x080061ef   Thumb Code    14  misc.o(.text)
    NVIC_SystemLPConfig                      0x080061fd   Thumb Code    34  misc.o(.text)
    SysTick_CLKSourceConfig                  0x0800621f   Thumb Code    40  misc.o(.text)
    EXTI_DeInit                              0x0800625d   Thumb Code    28  stm32f10x_exti.o(.text)
    EXTI_Init                                0x08006279   Thumb Code   142  stm32f10x_exti.o(.text)
    EXTI_StructInit                          0x08006307   Thumb Code    16  stm32f10x_exti.o(.text)
    EXTI_GenerateSWInterrupt                 0x08006317   Thumb Code    16  stm32f10x_exti.o(.text)
    EXTI_GetFlagStatus                       0x08006327   Thumb Code    22  stm32f10x_exti.o(.text)
    EXTI_ClearFlag                           0x0800633d   Thumb Code     8  stm32f10x_exti.o(.text)
    EXTI_GetITStatus                         0x08006345   Thumb Code    34  stm32f10x_exti.o(.text)
    EXTI_ClearITPendingBit                   0x08006367   Thumb Code     8  stm32f10x_exti.o(.text)
    FLASH_SetLatency                         0x08006379   Thumb Code    18  stm32f10x_flash.o(.text)
    FLASH_HalfCycleAccessCmd                 0x0800638b   Thumb Code    22  stm32f10x_flash.o(.text)
    FLASH_PrefetchBufferCmd                  0x080063a1   Thumb Code    22  stm32f10x_flash.o(.text)
    FLASH_Unlock                             0x080063b7   Thumb Code    12  stm32f10x_flash.o(.text)
    FLASH_UnlockBank1                        0x080063c3   Thumb Code    12  stm32f10x_flash.o(.text)
    FLASH_Lock                               0x080063cf   Thumb Code    14  stm32f10x_flash.o(.text)
    FLASH_LockBank1                          0x080063dd   Thumb Code    14  stm32f10x_flash.o(.text)
    FLASH_GetBank1Status                     0x080063eb   Thumb Code    48  stm32f10x_flash.o(.text)
    FLASH_WaitForLastOperation               0x0800641b   Thumb Code    38  stm32f10x_flash.o(.text)
    FLASH_ErasePage                          0x08006441   Thumb Code    72  stm32f10x_flash.o(.text)
    FLASH_EraseAllPages                      0x08006489   Thumb Code    68  stm32f10x_flash.o(.text)
    FLASH_WaitForLastBank1Operation          0x080064cd   Thumb Code    38  stm32f10x_flash.o(.text)
    FLASH_EraseAllBank1Pages                 0x080064f3   Thumb Code    68  stm32f10x_flash.o(.text)
    FLASH_GetReadOutProtectionStatus         0x08006537   Thumb Code    20  stm32f10x_flash.o(.text)
    FLASH_EraseOptionBytes                   0x0800654b   Thumb Code   150  stm32f10x_flash.o(.text)
    FLASH_ProgramWord                        0x080065e1   Thumb Code   102  stm32f10x_flash.o(.text)
    FLASH_ProgramHalfWord                    0x08006647   Thumb Code    60  stm32f10x_flash.o(.text)
    FLASH_ProgramOptionByteData              0x08006683   Thumb Code    72  stm32f10x_flash.o(.text)
    FLASH_EnableWriteProtection              0x080066cb   Thumb Code   200  stm32f10x_flash.o(.text)
    FLASH_ReadOutProtection                  0x08006793   Thumb Code   156  stm32f10x_flash.o(.text)
    FLASH_UserOptionByteConfig               0x0800682f   Thumb Code    88  stm32f10x_flash.o(.text)
    FLASH_GetUserOptionByte                  0x08006887   Thumb Code     8  stm32f10x_flash.o(.text)
    FLASH_GetWriteProtectionOptionByte       0x0800688f   Thumb Code     6  stm32f10x_flash.o(.text)
    FLASH_GetPrefetchBufferStatus            0x08006895   Thumb Code    20  stm32f10x_flash.o(.text)
    FLASH_ITConfig                           0x080068a9   Thumb Code    26  stm32f10x_flash.o(.text)
    FLASH_GetFlagStatus                      0x080068c3   Thumb Code    42  stm32f10x_flash.o(.text)
    FLASH_ClearFlag                          0x080068ed   Thumb Code     6  stm32f10x_flash.o(.text)
    FLASH_GetStatus                          0x080068f3   Thumb Code    48  stm32f10x_flash.o(.text)
    GPIO_DeInit                              0x08006935   Thumb Code   172  stm32f10x_gpio.o(.text)
    GPIO_AFIODeInit                          0x080069e1   Thumb Code    20  stm32f10x_gpio.o(.text)
    GPIO_Init                                0x080069f5   Thumb Code   278  stm32f10x_gpio.o(.text)
    GPIO_StructInit                          0x08006b0b   Thumb Code    16  stm32f10x_gpio.o(.text)
    GPIO_ReadInputDataBit                    0x08006b1b   Thumb Code    18  stm32f10x_gpio.o(.text)
    GPIO_ReadInputData                       0x08006b2d   Thumb Code     8  stm32f10x_gpio.o(.text)
    GPIO_ReadOutputDataBit                   0x08006b35   Thumb Code    18  stm32f10x_gpio.o(.text)
    GPIO_ReadOutputData                      0x08006b47   Thumb Code     8  stm32f10x_gpio.o(.text)
    GPIO_SetBits                             0x08006b4f   Thumb Code     4  stm32f10x_gpio.o(.text)
    GPIO_ResetBits                           0x08006b53   Thumb Code     4  stm32f10x_gpio.o(.text)
    GPIO_WriteBit                            0x08006b57   Thumb Code    10  stm32f10x_gpio.o(.text)
    GPIO_Write                               0x08006b61   Thumb Code     4  stm32f10x_gpio.o(.text)
    GPIO_PinLockConfig                       0x08006b65   Thumb Code    18  stm32f10x_gpio.o(.text)
    GPIO_EventOutputConfig                   0x08006b77   Thumb Code    26  stm32f10x_gpio.o(.text)
    GPIO_EventOutputCmd                      0x08006b91   Thumb Code     6  stm32f10x_gpio.o(.text)
    GPIO_PinRemapConfig                      0x08006b97   Thumb Code   138  stm32f10x_gpio.o(.text)
    GPIO_EXTILineConfig                      0x08006c21   Thumb Code    66  stm32f10x_gpio.o(.text)
    GPIO_ETH_MediaInterfaceConfig            0x08006c63   Thumb Code     8  stm32f10x_gpio.o(.text)
    RCC_DeInit                               0x08006c91   Thumb Code    64  stm32f10x_rcc.o(.text)
    RCC_HSEConfig                            0x08006cd1   Thumb Code    70  stm32f10x_rcc.o(.text)
    RCC_GetFlagStatus                        0x08006d17   Thumb Code    56  stm32f10x_rcc.o(.text)
    RCC_WaitForHSEStartUp                    0x08006d4f   Thumb Code    56  stm32f10x_rcc.o(.text)
    RCC_AdjustHSICalibrationValue            0x08006d87   Thumb Code    20  stm32f10x_rcc.o(.text)
    RCC_HSICmd                               0x08006d9b   Thumb Code     6  stm32f10x_rcc.o(.text)
    RCC_PLLConfig                            0x08006da1   Thumb Code    24  stm32f10x_rcc.o(.text)
    RCC_PLLCmd                               0x08006db9   Thumb Code     6  stm32f10x_rcc.o(.text)
    RCC_SYSCLKConfig                         0x08006dbf   Thumb Code    18  stm32f10x_rcc.o(.text)
    RCC_GetSYSCLKSource                      0x08006dd1   Thumb Code    10  stm32f10x_rcc.o(.text)
    RCC_HCLKConfig                           0x08006ddb   Thumb Code    18  stm32f10x_rcc.o(.text)
    RCC_PCLK1Config                          0x08006ded   Thumb Code    18  stm32f10x_rcc.o(.text)
    RCC_PCLK2Config                          0x08006dff   Thumb Code    20  stm32f10x_rcc.o(.text)
    RCC_ITConfig                             0x08006e13   Thumb Code    26  stm32f10x_rcc.o(.text)
    RCC_USBCLKConfig                         0x08006e2d   Thumb Code     8  stm32f10x_rcc.o(.text)
    RCC_ADCCLKConfig                         0x08006e35   Thumb Code    18  stm32f10x_rcc.o(.text)
    RCC_LSEConfig                            0x08006e47   Thumb Code    50  stm32f10x_rcc.o(.text)
    RCC_LSICmd                               0x08006e79   Thumb Code     6  stm32f10x_rcc.o(.text)
    RCC_RTCCLKConfig                         0x08006e7f   Thumb Code    12  stm32f10x_rcc.o(.text)
    RCC_RTCCLKCmd                            0x08006e8b   Thumb Code     8  stm32f10x_rcc.o(.text)
    RCC_GetClocksFreq                        0x08006e93   Thumb Code   192  stm32f10x_rcc.o(.text)
    RCC_AHBPeriphClockCmd                    0x08006f53   Thumb Code    26  stm32f10x_rcc.o(.text)
    RCC_APB2PeriphClockCmd                   0x08006f6d   Thumb Code    26  stm32f10x_rcc.o(.text)
    RCC_APB1PeriphClockCmd                   0x08006f87   Thumb Code    26  stm32f10x_rcc.o(.text)
    RCC_APB2PeriphResetCmd                   0x08006fa1   Thumb Code    26  stm32f10x_rcc.o(.text)
    RCC_APB1PeriphResetCmd                   0x08006fbb   Thumb Code    26  stm32f10x_rcc.o(.text)
    RCC_BackupResetCmd                       0x08006fd5   Thumb Code     8  stm32f10x_rcc.o(.text)
    RCC_ClockSecuritySystemCmd               0x08006fdd   Thumb Code     6  stm32f10x_rcc.o(.text)
    RCC_MCOConfig                            0x08006fe3   Thumb Code     6  stm32f10x_rcc.o(.text)
    RCC_ClearFlag                            0x08006fe9   Thumb Code    14  stm32f10x_rcc.o(.text)
    RCC_GetITStatus                          0x08006ff7   Thumb Code    20  stm32f10x_rcc.o(.text)
    RCC_ClearITPendingBit                    0x0800700b   Thumb Code     6  stm32f10x_rcc.o(.text)
    SPI_I2S_DeInit                           0x08007035   Thumb Code    76  stm32f10x_spi.o(.text)
    SPI_Init                                 0x08007081   Thumb Code    60  stm32f10x_spi.o(.text)
    I2S_Init                                 0x080070bd   Thumb Code   226  stm32f10x_spi.o(.text)
    SPI_StructInit                           0x0800719f   Thumb Code    24  stm32f10x_spi.o(.text)
    I2S_StructInit                           0x080071b7   Thumb Code    20  stm32f10x_spi.o(.text)
    SPI_Cmd                                  0x080071cb   Thumb Code    24  stm32f10x_spi.o(.text)
    I2S_Cmd                                  0x080071e3   Thumb Code    24  stm32f10x_spi.o(.text)
    SPI_I2S_ITConfig                         0x080071fb   Thumb Code    32  stm32f10x_spi.o(.text)
    SPI_I2S_DMACmd                           0x0800721b   Thumb Code    18  stm32f10x_spi.o(.text)
    SPI_I2S_SendData                         0x0800722d   Thumb Code     4  stm32f10x_spi.o(.text)
    SPI_I2S_ReceiveData                      0x08007231   Thumb Code     6  stm32f10x_spi.o(.text)
    SPI_NSSInternalSoftwareConfig            0x08007237   Thumb Code    30  stm32f10x_spi.o(.text)
    SPI_SSOutputCmd                          0x08007255   Thumb Code    24  stm32f10x_spi.o(.text)
    SPI_DataSizeConfig                       0x0800726d   Thumb Code    18  stm32f10x_spi.o(.text)
    SPI_TransmitCRC                          0x0800727f   Thumb Code    10  stm32f10x_spi.o(.text)
    SPI_CalculateCRC                         0x08007289   Thumb Code    24  stm32f10x_spi.o(.text)
    SPI_GetCRC                               0x080072a1   Thumb Code    16  stm32f10x_spi.o(.text)
    SPI_GetCRCPolynomial                     0x080072b1   Thumb Code     6  stm32f10x_spi.o(.text)
    SPI_BiDirectionalLineConfig              0x080072b7   Thumb Code    28  stm32f10x_spi.o(.text)
    SPI_I2S_GetFlagStatus                    0x080072d3   Thumb Code    18  stm32f10x_spi.o(.text)
    SPI_I2S_ClearFlag                        0x080072e5   Thumb Code     6  stm32f10x_spi.o(.text)
    SPI_I2S_GetITStatus                      0x080072eb   Thumb Code    52  stm32f10x_spi.o(.text)
    SPI_I2S_ClearITPendingBit                0x0800731f   Thumb Code    20  stm32f10x_spi.o(.text)
    USART_DeInit                             0x08007341   Thumb Code   134  stm32f10x_usart.o(.text)
    USART_Init                               0x080073c7   Thumb Code   210  stm32f10x_usart.o(.text)
    USART_StructInit                         0x08007499   Thumb Code    24  stm32f10x_usart.o(.text)
    USART_ClockInit                          0x080074b1   Thumb Code    34  stm32f10x_usart.o(.text)
    USART_ClockStructInit                    0x080074d3   Thumb Code    12  stm32f10x_usart.o(.text)
    USART_Cmd                                0x080074df   Thumb Code    24  stm32f10x_usart.o(.text)
    USART_ITConfig                           0x080074f7   Thumb Code    74  stm32f10x_usart.o(.text)
    USART_DMACmd                             0x08007541   Thumb Code    18  stm32f10x_usart.o(.text)
    USART_SetAddress                         0x08007553   Thumb Code    18  stm32f10x_usart.o(.text)
    USART_WakeUpConfig                       0x08007565   Thumb Code    18  stm32f10x_usart.o(.text)
    USART_ReceiverWakeUpCmd                  0x08007577   Thumb Code    24  stm32f10x_usart.o(.text)
    USART_LINBreakDetectLengthConfig         0x0800758f   Thumb Code    18  stm32f10x_usart.o(.text)
    USART_LINCmd                             0x080075a1   Thumb Code    24  stm32f10x_usart.o(.text)
    USART_SendData                           0x080075b9   Thumb Code     8  stm32f10x_usart.o(.text)
    USART_ReceiveData                        0x080075c1   Thumb Code    10  stm32f10x_usart.o(.text)
    USART_SendBreak                          0x080075cb   Thumb Code    10  stm32f10x_usart.o(.text)
    USART_SetGuardTime                       0x080075d5   Thumb Code    16  stm32f10x_usart.o(.text)
    USART_SetPrescaler                       0x080075e5   Thumb Code    16  stm32f10x_usart.o(.text)
    USART_SmartCardCmd                       0x080075f5   Thumb Code    24  stm32f10x_usart.o(.text)
    USART_SmartCardNACKCmd                   0x0800760d   Thumb Code    24  stm32f10x_usart.o(.text)
    USART_HalfDuplexCmd                      0x08007625   Thumb Code    24  stm32f10x_usart.o(.text)
    USART_OverSampling8Cmd                   0x0800763d   Thumb Code    22  stm32f10x_usart.o(.text)
    USART_OneBitMethodCmd                    0x08007653   Thumb Code    24  stm32f10x_usart.o(.text)
    USART_IrDAConfig                         0x0800766b   Thumb Code    18  stm32f10x_usart.o(.text)
    USART_IrDACmd                            0x0800767d   Thumb Code    24  stm32f10x_usart.o(.text)
    USART_GetFlagStatus                      0x08007695   Thumb Code    26  stm32f10x_usart.o(.text)
    USART_ClearFlag                          0x080076af   Thumb Code    18  stm32f10x_usart.o(.text)
    USART_GetITStatus                        0x080076c1   Thumb Code    84  stm32f10x_usart.o(.text)
    USART_ClearITPendingBit                  0x08007715   Thumb Code    52  stm32f10x_usart.o(.text)
    Reset_Handler                            0x08007749   Thumb Code     8  startup_stm32f10x_hd.o(.text)
    ADC1_2_IRQHandler                        0x08007763   Thumb Code     0  startup_stm32f10x_hd.o(.text)
    ADC3_IRQHandler                          0x08007763   Thumb Code     0  startup_stm32f10x_hd.o(.text)
    CAN1_RX1_IRQHandler                      0x08007763   Thumb Code     0  startup_stm32f10x_hd.o(.text)
    CAN1_SCE_IRQHandler                      0x08007763   Thumb Code     0  startup_stm32f10x_hd.o(.text)
    DMA1_Channel1_IRQHandler                 0x08007763   Thumb Code     0  startup_stm32f10x_hd.o(.text)
    DMA1_Channel2_IRQHandler                 0x08007763   Thumb Code     0  startup_stm32f10x_hd.o(.text)
    DMA1_Channel3_IRQHandler                 0x08007763   Thumb Code     0  startup_stm32f10x_hd.o(.text)
    DMA1_Channel4_IRQHandler                 0x08007763   Thumb Code     0  startup_stm32f10x_hd.o(.text)
    DMA1_Channel5_IRQHandler                 0x08007763   Thumb Code     0  startup_stm32f10x_hd.o(.text)
    DMA1_Channel6_IRQHandler                 0x08007763   Thumb Code     0  startup_stm32f10x_hd.o(.text)
    DMA1_Channel7_IRQHandler                 0x08007763   Thumb Code     0  startup_stm32f10x_hd.o(.text)
    DMA2_Channel1_IRQHandler                 0x08007763   Thumb Code     0  startup_stm32f10x_hd.o(.text)
    DMA2_Channel2_IRQHandler                 0x08007763   Thumb Code     0  startup_stm32f10x_hd.o(.text)
    DMA2_Channel3_IRQHandler                 0x08007763   Thumb Code     0  startup_stm32f10x_hd.o(.text)
    DMA2_Channel4_5_IRQHandler               0x08007763   Thumb Code     0  startup_stm32f10x_hd.o(.text)
    EXTI1_IRQHandler                         0x08007763   Thumb Code     0  startup_stm32f10x_hd.o(.text)
    EXTI2_IRQHandler                         0x08007763   Thumb Code     0  startup_stm32f10x_hd.o(.text)
    EXTI4_IRQHandler                         0x08007763   Thumb Code     0  startup_stm32f10x_hd.o(.text)
    FLASH_IRQHandler                         0x08007763   Thumb Code     0  startup_stm32f10x_hd.o(.text)
    FSMC_IRQHandler                          0x08007763   Thumb Code     0  startup_stm32f10x_hd.o(.text)
    I2C1_ER_IRQHandler                       0x08007763   Thumb Code     0  startup_stm32f10x_hd.o(.text)
    I2C1_EV_IRQHandler                       0x08007763   Thumb Code     0  startup_stm32f10x_hd.o(.text)
    I2C2_ER_IRQHandler                       0x08007763   Thumb Code     0  startup_stm32f10x_hd.o(.text)
    I2C2_EV_IRQHandler                       0x08007763   Thumb Code     0  startup_stm32f10x_hd.o(.text)
    PVD_IRQHandler                           0x08007763   Thumb Code     0  startup_stm32f10x_hd.o(.text)
    RCC_IRQHandler                           0x08007763   Thumb Code     0  startup_stm32f10x_hd.o(.text)
    RTCAlarm_IRQHandler                      0x08007763   Thumb Code     0  startup_stm32f10x_hd.o(.text)
    RTC_IRQHandler                           0x08007763   Thumb Code     0  startup_stm32f10x_hd.o(.text)
    SDIO_IRQHandler                          0x08007763   Thumb Code     0  startup_stm32f10x_hd.o(.text)
    SPI1_IRQHandler                          0x08007763   Thumb Code     0  startup_stm32f10x_hd.o(.text)
    SPI2_IRQHandler                          0x08007763   Thumb Code     0  startup_stm32f10x_hd.o(.text)
    SPI3_IRQHandler                          0x08007763   Thumb Code     0  startup_stm32f10x_hd.o(.text)
    TAMPER_IRQHandler                        0x08007763   Thumb Code     0  startup_stm32f10x_hd.o(.text)
    TIM1_BRK_IRQHandler                      0x08007763   Thumb Code     0  startup_stm32f10x_hd.o(.text)
    TIM1_CC_IRQHandler                       0x08007763   Thumb Code     0  startup_stm32f10x_hd.o(.text)
    TIM1_TRG_COM_IRQHandler                  0x08007763   Thumb Code     0  startup_stm32f10x_hd.o(.text)
    TIM1_UP_IRQHandler                       0x08007763   Thumb Code     0  startup_stm32f10x_hd.o(.text)
    TIM2_IRQHandler                          0x08007763   Thumb Code     0  startup_stm32f10x_hd.o(.text)
    TIM3_IRQHandler                          0x08007763   Thumb Code     0  startup_stm32f10x_hd.o(.text)
    TIM4_IRQHandler                          0x08007763   Thumb Code     0  startup_stm32f10x_hd.o(.text)
    TIM5_IRQHandler                          0x08007763   Thumb Code     0  startup_stm32f10x_hd.o(.text)
    TIM6_IRQHandler                          0x08007763   Thumb Code     0  startup_stm32f10x_hd.o(.text)
    TIM7_IRQHandler                          0x08007763   Thumb Code     0  startup_stm32f10x_hd.o(.text)
    TIM8_BRK_IRQHandler                      0x08007763   Thumb Code     0  startup_stm32f10x_hd.o(.text)
    TIM8_CC_IRQHandler                       0x08007763   Thumb Code     0  startup_stm32f10x_hd.o(.text)
    TIM8_TRG_COM_IRQHandler                  0x08007763   Thumb Code     0  startup_stm32f10x_hd.o(.text)
    TIM8_UP_IRQHandler                       0x08007763   Thumb Code     0  startup_stm32f10x_hd.o(.text)
    UART4_IRQHandler                         0x08007763   Thumb Code     0  startup_stm32f10x_hd.o(.text)
    UART5_IRQHandler                         0x08007763   Thumb Code     0  startup_stm32f10x_hd.o(.text)
    USART2_IRQHandler                        0x08007763   Thumb Code     0  startup_stm32f10x_hd.o(.text)
    USART3_IRQHandler                        0x08007763   Thumb Code     0  startup_stm32f10x_hd.o(.text)
    USB_HP_CAN1_TX_IRQHandler                0x08007763   Thumb Code     0  startup_stm32f10x_hd.o(.text)
    WWDG_IRQHandler                          0x08007763   Thumb Code     0  startup_stm32f10x_hd.o(.text)
    __user_initial_stackheap                 0x08007765   Thumb Code     0  startup_stm32f10x_hd.o(.text)
    SystemInit                               0x08007867   Thumb Code    78  system_stm32f10x.o(.text)
    SystemCoreClockUpdate                    0x080078b5   Thumb Code   142  system_stm32f10x.o(.text)
    __use_no_semihosting                     0x08007969   Thumb Code     2  use_no_semi_2.o(.text)
    __2printf                                0x0800796d   Thumb Code    20  noretval__2printf.o(.text)
    __2sprintf                               0x08007985   Thumb Code    34  noretval__2sprintf.o(.text)
    _printf_pre_padding                      0x080079ad   Thumb Code    44  _printf_pad.o(.text)
    _printf_post_padding                     0x080079d9   Thumb Code    34  _printf_pad.o(.text)
    _printf_int_hex                          0x080079fd   Thumb Code    84  _printf_hex_int.o(.text)
    _printf_longlong_hex                     0x080079fd   Thumb Code     0  _printf_hex_int.o(.text)
    __printf                                 0x08007a55   Thumb Code   308  __printf_flags_wp.o(.text)
    __aeabi_memcpy                           0x08007b8d   Thumb Code     0  rt_memcpy_v6.o(.text)
    __rt_memcpy                              0x08007b8d   Thumb Code   138  rt_memcpy_v6.o(.text)
    _memcpy_lastbytes                        0x08007bf3   Thumb Code     0  rt_memcpy_v6.o(.text)
    __aeabi_memcpy4                          0x08007c17   Thumb Code     0  rt_memcpy_w.o(.text)
    __aeabi_memcpy8                          0x08007c17   Thumb Code     0  rt_memcpy_w.o(.text)
    __rt_memcpy_w                            0x08007c17   Thumb Code   100  rt_memcpy_w.o(.text)
    _memcpy_lastbytes_aligned                0x08007c5f   Thumb Code     0  rt_memcpy_w.o(.text)
    __aeabi_memclr4                          0x08007c7b   Thumb Code     0  rt_memclr_w.o(.text)
    __aeabi_memclr8                          0x08007c7b   Thumb Code     0  rt_memclr_w.o(.text)
    __rt_memclr_w                            0x08007c7b   Thumb Code    78  rt_memclr_w.o(.text)
    _memset_w                                0x08007c7f   Thumb Code     0  rt_memclr_w.o(.text)
    __use_two_region_memory                  0x08007cc9   Thumb Code     2  heapauxi.o(.text)
    __rt_heap_escrow$2region                 0x08007ccb   Thumb Code     2  heapauxi.o(.text)
    __rt_heap_expand$2region                 0x08007ccd   Thumb Code     2  heapauxi.o(.text)
    __I$use$semihosting                      0x08007ccf   Thumb Code     0  use_no_semi.o(.text)
    __use_no_semihosting_swi                 0x08007ccf   Thumb Code     2  use_no_semi.o(.text)
    _printf_int_common                       0x08007cd1   Thumb Code   178  _printf_intcommon.o(.text)
    __lib_sel_fp_printf                      0x08007d83   Thumb Code     2  _printf_fp_dec.o(.text)
    _printf_fp_dec_real                      0x08007f31   Thumb Code   620  _printf_fp_dec.o(.text)
    _printf_char_common                      0x080081a7   Thumb Code    32  _printf_char_common.o(.text)
    _sputc                                   0x080081cd   Thumb Code    10  _sputc.o(.text)
    _printf_char_file                        0x080081d9   Thumb Code    32  _printf_char_file.o(.text)
    __rt_locale                              0x080081fd   Thumb Code     8  rt_locale_intlibspace.o(.text)
    _ll_udiv10                               0x08008205   Thumb Code   138  lludiv10.o(.text)
    _printf_fp_infnan                        0x08008291   Thumb Code   112  _printf_fp_infnan.o(.text)
    _btod_etento                             0x08008311   Thumb Code   216  bigflt0.o(.text)
    ferror                                   0x080083ed   Thumb Code     8  ferror.o(.text)
    __user_libspace                          0x080083f5   Thumb Code     8  libspace.o(.text)
    __user_perproc_libspace                  0x080083f5   Thumb Code     0  libspace.o(.text)
    __user_perthread_libspace                0x080083f5   Thumb Code     0  libspace.o(.text)
    __user_setup_stackheap                   0x080083fd   Thumb Code    74  sys_stackheap_outer.o(.text)
    exit                                     0x08008447   Thumb Code    18  exit.o(.text)
    strcmp                                   0x08008459   Thumb Code   128  strcmpv7m.o(.text)
    _btod_d2e                                0x080084d9   Thumb Code    62  btod.o(CL$$btod_d2e)
    _d2e_denorm_low                          0x08008517   Thumb Code    70  btod.o(CL$$btod_d2e_denorm_low)
    _d2e_norm_op1                            0x0800855d   Thumb Code    96  btod.o(CL$$btod_d2e_norm_op1)
    __btod_div_common                        0x080085bd   Thumb Code   696  btod.o(CL$$btod_div_common)
    _e2e                                     0x080088f5   Thumb Code   198  btod.o(CL$$btod_e2e)
    _btod_ediv                               0x080089bb   Thumb Code    40  btod.o(CL$$btod_ediv)
    _btod_emul                               0x080089e3   Thumb Code    40  btod.o(CL$$btod_emul)
    __btod_mult_common                       0x08008a0b   Thumb Code   580  btod.o(CL$$btod_mult_common)
    __ARM_fpclassify                         0x08008c4f   Thumb Code    40  fpclassify.o(i.__ARM_fpclassify)
    _is_digit                                0x08008c77   Thumb Code    14  __printf_wp.o(i._is_digit)
    _get_lc_numeric                          0x08008c85   Thumb Code    44  lc_numeric_c.o(locale$$code)
    __aeabi_d2f                              0x08008cb1   Thumb Code     0  d2f.o(x$fpl$d2f)
    _d2f                                     0x08008cb1   Thumb Code    98  d2f.o(x$fpl$d2f)
    __aeabi_dadd                             0x08008d15   Thumb Code     0  daddsub_clz.o(x$fpl$dadd)
    _dadd                                    0x08008d15   Thumb Code   332  daddsub_clz.o(x$fpl$dadd)
    __aeabi_ddiv                             0x08008e65   Thumb Code     0  ddiv.o(x$fpl$ddiv)
    _ddiv                                    0x08008e65   Thumb Code   552  ddiv.o(x$fpl$ddiv)
    __aeabi_i2d                              0x08009115   Thumb Code     0  dflt_clz.o(x$fpl$dflt)
    _dflt                                    0x08009115   Thumb Code    46  dflt_clz.o(x$fpl$dflt)
    __aeabi_ui2d                             0x08009143   Thumb Code     0  dflt_clz.o(x$fpl$dfltu)
    _dfltu                                   0x08009143   Thumb Code    38  dflt_clz.o(x$fpl$dfltu)
    __aeabi_dmul                             0x08009169   Thumb Code     0  dmul.o(x$fpl$dmul)
    _dmul                                    0x08009169   Thumb Code   332  dmul.o(x$fpl$dmul)
    __fpl_dnaninf                            0x080092bd   Thumb Code   156  dnaninf.o(x$fpl$dnaninf)
    __fpl_dretinf                            0x08009359   Thumb Code    12  dretinf.o(x$fpl$dretinf)
    __aeabi_dsub                             0x08009365   Thumb Code     0  daddsub_clz.o(x$fpl$dsub)
    _dsub                                    0x08009365   Thumb Code   464  daddsub_clz.o(x$fpl$dsub)
    __aeabi_f2d                              0x08009539   Thumb Code     0  f2d.o(x$fpl$f2d)
    _f2d                                     0x08009539   Thumb Code    86  f2d.o(x$fpl$f2d)
    __fpl_fnaninf                            0x0800958f   Thumb Code   140  fnaninf.o(x$fpl$fnaninf)
    __fpl_fretinf                            0x0800961b   Thumb Code    10  fretinf.o(x$fpl$fretinf)
    _printf_fp_dec                           0x08009625   Thumb Code     4  printf1.o(x$fpl$printf1)
    __I$use$fp                               0x08009628   Number         0  usenofp.o(x$fpl$usenofp)
    chan_idx                                 0x08009628   Data           8  deca_params_init.o(.constdata)
    tx_config                                0x08009630   Data          24  deca_params_init.o(.constdata)
    pll2_config                              0x08009648   Data          30  deca_params_init.o(.constdata)
    pll2calcfg                               0x08009666   Data           1  deca_params_init.o(.constdata)
    rx_config                                0x08009667   Data           2  deca_params_init.o(.constdata)
    agc_config                               0x0800966c   Data           8  deca_params_init.o(.constdata)
    dwnsSFDlen                               0x08009674   Data           3  deca_params_init.o(.constdata)
    sftsh                                    0x08009678   Data          12  deca_params_init.o(.constdata)
    dtune1                                   0x08009684   Data           4  deca_params_init.o(.constdata)
    digital_bb_config                        0x08009688   Data          32  deca_params_init.o(.constdata)
    lde_replicaCoeff                         0x080096a8   Data          50  deca_params_init.o(.constdata)
    Virtual_Com_Port_DeviceDescriptor        0x080096da   Data          18  usb_desc.o(.constdata)
    Virtual_Com_Port_ConfigDescriptor        0x080096ec   Data          67  usb_desc.o(.constdata)
    Virtual_Com_Port_StringLangID            0x0800972f   Data           4  usb_desc.o(.constdata)
    Virtual_Com_Port_StringVendor            0x08009733   Data          24  usb_desc.o(.constdata)
    Virtual_Com_Port_StringProduct           0x0800974b   Data          38  usb_desc.o(.constdata)
    Region$$Table$$Base                      0x080098dc   Number         0  anon$$obj.o(Region$$Table)
    Region$$Table$$Limit                     0x080098fc   Number         0  anon$$obj.o(Region$$Table)
    status_idx                               0x20000000   Data           4  deca_device.o(.data)
    Timer2_Counter                           0x20000024   Data           4  main.o(.data)
    W5500_Send_Delay_Counter                 0x20000028   Data           4  main.o(.data)
    time32_incr                              0x20000034   Data           4  stm32f10x_it.o(.data)
    Gateway_IP                               0x20000038   Data           4  w5500.o(.data)
    Sub_Mask                                 0x2000003c   Data           4  w5500.o(.data)
    Phy_Addr                                 0x20000040   Data           6  w5500.o(.data)
    IP_Addr                                  0x20000046   Data           4  w5500.o(.data)
    S0_Port                                  0x2000004a   Data           2  w5500.o(.data)
    S0_DIP                                   0x2000004c   Data           4  w5500.o(.data)
    S0_DPort                                 0x20000050   Data           2  w5500.o(.data)
    UDP_DIPR                                 0x20000052   Data           4  w5500.o(.data)
    UDP_DPORT                                0x20000056   Data           2  w5500.o(.data)
    S0_Mode                                  0x20000058   Data           1  w5500.o(.data)
    S0_State                                 0x20000059   Data           1  w5500.o(.data)
    S0_Data                                  0x2000005a   Data           1  w5500.o(.data)
    W5500_Interrupt                          0x2000005b   Data           1  w5500.o(.data)
    HSEStartUpStatus                         0x2000005c   Data           1  hw_config.o(.data)
    EXTI_InitStructure                       0x20000060   Data           8  hw_config.o(.data)
    Virtual_Com_Port_StringSerial            0x20000068   Data          38  usb_desc.o(.data)
    wIstr                                    0x20000098   Data           2  usb_istr.o(.data)
    bIntPackSOF                              0x2000009a   Data           1  usb_istr.o(.data)
    esof_counter                             0x2000009c   Data           4  usb_istr.o(.data)
    wCNTR                                    0x200000a0   Data           4  usb_istr.o(.data)
    pEpInt_IN                                0x200000a4   Data          28  usb_istr.o(.data)
    pEpInt_OUT                               0x200000c0   Data          28  usb_istr.o(.data)
    Request                                  0x200000dc   Data           1  usb_prop.o(.data)
    linecoding                               0x200000e0   Data           8  usb_prop.o(.data)
    Device_Table                             0x200000e8   Data           2  usb_prop.o(.data)
    Device_Property                          0x200000ec   Data          48  usb_prop.o(.data)
    User_Standard_Requests                   0x2000011c   Data          36  usb_prop.o(.data)
    Device_Descriptor                        0x20000140   Data           8  usb_prop.o(.data)
    Config_Descriptor                        0x20000148   Data           8  usb_prop.o(.data)
    String_Descriptor                        0x20000150   Data          32  usb_prop.o(.data)
    bDeviceState                             0x20000170   Data           4  usb_pwr.o(.data)
    fSuspendEnabled                          0x20000174   Data           1  usb_pwr.o(.data)
    ResumeS                                  0x20000175   Data           2  usb_pwr.o(.data)
    remotewakeupon                           0x20000178   Data           4  usb_pwr.o(.data)
    StatusInfo                               0x2000017c   Data           2  usb_core.o(.data)
    Data_Mul_MaxPacketSize                   0x2000017e   Data           1  usb_core.o(.data)
    EPindex                                  0x20000180   Data           1  usb_init.o(.data)
    pInformation                             0x20000184   Data           4  usb_init.o(.data)
    pProperty                                0x20000188   Data           4  usb_init.o(.data)
    SaveState                                0x2000018c   Data           2  usb_init.o(.data)
    wInterrupt_Mask                          0x2000018e   Data           2  usb_init.o(.data)
    pUser_Standard_Requests                  0x20000190   Data           4  usb_init.o(.data)
    SaveRState                               0x20000194   Data           2  usb_int.o(.data)
    SaveTState                               0x20000196   Data           2  usb_int.o(.data)
    __stdout                                 0x2000019c   Data           4  usart.o(.data)
    USART_RX_STA                             0x200001a0   Data           2  usart.o(.data)
    len                                      0x200001a2   Data           1  usart.o(.data)
    counter                                  0x200001a3   Data           1  usart.o(.data)
    sign                                     0x200001a4   Data           1  usart.o(.data)
    SystemCoreClock                          0x200001bc   Data           4  system_stm32f10x.o(.data)
    AHBPrescTable                            0x200001c0   Data          16  system_stm32f10x.o(.data)
    last_status                              0x20000260   Data          40  deca_device.o(.bss)
    buff_sn                                  0x20000288   Data          41  device_info.o(.bss)
    sys_para                                 0x200002b2   Data          22  device_info.o(.bss)
    FLAH_BUFF0                               0x200002c8   Data          32  device_info.o(.bss)
    SendBuff                                 0x200002e8   Data         130  main.o(.bss)
    USB_RxBuff                               0x2000036a   Data          30  main.o(.bss)
    STMFLASH_BUF                             0x20000408   Data        1024  stmflash.o(.bss)
    Rx_Buffer                                0x20000808   Data        2048  w5500.o(.bss)
    Tx_Buffer                                0x20001008   Data        2048  w5500.o(.bss)
    USART_InitStructure                      0x20001808   Data          16  hw_config.o(.bss)
    EP                                       0x200022b8   Data          32  usb_pwr.o(.bss)
    Device_Info                              0x200022d8   Data          28  usb_init.o(.bss)
    USART_RX_BUF                             0x200022f4   Data         200  usart.o(.bss)
    USART_TX_BUF                             0x200023bc   Data         200  usart.o(.bss)
    Temp                                     0x20002484   Data          11  usart.o(.bss)
    Re_buf                                   0x2000248f   Data          11  usart.o(.bss)
    __libspace_start                         0x2000249c   Data          96  libspace.o(.bss)
    __temporary_stack_top$libspace           0x200024fc   Data           0  libspace.o(.bss)



==============================================================================

Memory Map of the image

  Image Entry point : 0x08000131

  Load Region LR_IROM1 (Base: 0x08000000, Size: 0x00009ae8, Max: 0x00040000, ABSOLUTE, COMPRESSED[0x000099d8])

    Execution Region ER_IROM1 (Base: 0x08000000, Size: 0x00009918, Max: 0x00040000, ABSOLUTE)

    Base Addr    Size         Type   Attr      Idx    E Section Name        Object

    0x08000000   0x00000130   Data   RO          936    RESET               startup_stm32f10x_hd.o
    0x08000130   0x00000008   Code   RO         1027  * !!!main             c_w.l(__main.o)
    0x08000138   0x00000034   Code   RO         1321    !!!scatter          c_w.l(__scatter.o)
    0x0800016c   0x0000005a   Code   RO         1319    !!dczerorl2         c_w.l(__dczerorl2.o)
    0x080001c6   0x00000002   PAD
    0x080001c8   0x0000001c   Code   RO         1323    !!handler_zi        c_w.l(__scatter_zi.o)
    0x080001e4   0x00000000   Code   RO         1018    .ARM.Collect$$_printf_percent$$00000000  c_w.l(_printf_percent.o)
    0x080001e4   0x00000006   Code   RO         1017    .ARM.Collect$$_printf_percent$$00000003  c_w.l(_printf_f.o)
    0x080001ea   0x00000006   Code   RO         1016    .ARM.Collect$$_printf_percent$$0000000C  c_w.l(_printf_x.o)
    0x080001f0   0x00000004   Code   RO         1108    .ARM.Collect$$_printf_percent$$00000017  c_w.l(_printf_percent_end.o)
    0x080001f4   0x00000002   Code   RO         1196    .ARM.Collect$$libinit$$00000000  c_w.l(libinit.o)
    0x080001f6   0x00000000   Code   RO         1198    .ARM.Collect$$libinit$$00000002  c_w.l(libinit2.o)
    0x080001f6   0x00000000   Code   RO         1200    .ARM.Collect$$libinit$$00000004  c_w.l(libinit2.o)
    0x080001f6   0x00000000   Code   RO         1203    .ARM.Collect$$libinit$$0000000A  c_w.l(libinit2.o)
    0x080001f6   0x00000000   Code   RO         1205    .ARM.Collect$$libinit$$0000000C  c_w.l(libinit2.o)
    0x080001f6   0x00000000   Code   RO         1207    .ARM.Collect$$libinit$$0000000E  c_w.l(libinit2.o)
    0x080001f6   0x00000006   Code   RO         1208    .ARM.Collect$$libinit$$0000000F  c_w.l(libinit2.o)
    0x080001fc   0x00000000   Code   RO         1210    .ARM.Collect$$libinit$$00000011  c_w.l(libinit2.o)
    0x080001fc   0x00000000   Code   RO         1212    .ARM.Collect$$libinit$$00000013  c_w.l(libinit2.o)
    0x080001fc   0x00000000   Code   RO         1214    .ARM.Collect$$libinit$$00000015  c_w.l(libinit2.o)
    0x080001fc   0x0000000a   Code   RO         1215    .ARM.Collect$$libinit$$00000016  c_w.l(libinit2.o)
    0x08000206   0x00000000   Code   RO         1216    .ARM.Collect$$libinit$$00000017  c_w.l(libinit2.o)
    0x08000206   0x00000000   Code   RO         1218    .ARM.Collect$$libinit$$00000019  c_w.l(libinit2.o)
    0x08000206   0x00000000   Code   RO         1220    .ARM.Collect$$libinit$$0000001B  c_w.l(libinit2.o)
    0x08000206   0x00000000   Code   RO         1222    .ARM.Collect$$libinit$$0000001D  c_w.l(libinit2.o)
    0x08000206   0x00000000   Code   RO         1224    .ARM.Collect$$libinit$$0000001F  c_w.l(libinit2.o)
    0x08000206   0x00000000   Code   RO         1226    .ARM.Collect$$libinit$$00000021  c_w.l(libinit2.o)
    0x08000206   0x00000000   Code   RO         1228    .ARM.Collect$$libinit$$00000023  c_w.l(libinit2.o)
    0x08000206   0x00000000   Code   RO         1230    .ARM.Collect$$libinit$$00000025  c_w.l(libinit2.o)
    0x08000206   0x00000000   Code   RO         1234    .ARM.Collect$$libinit$$0000002C  c_w.l(libinit2.o)
    0x08000206   0x00000000   Code   RO         1236    .ARM.Collect$$libinit$$0000002E  c_w.l(libinit2.o)
    0x08000206   0x00000000   Code   RO         1238    .ARM.Collect$$libinit$$00000030  c_w.l(libinit2.o)
    0x08000206   0x00000000   Code   RO         1240    .ARM.Collect$$libinit$$00000032  c_w.l(libinit2.o)
    0x08000206   0x00000002   Code   RO         1241    .ARM.Collect$$libinit$$00000033  c_w.l(libinit2.o)
    0x08000208   0x00000002   Code   RO         1269    .ARM.Collect$$libshutdown$$00000000  c_w.l(libshutdown.o)
    0x0800020a   0x00000000   Code   RO         1278    .ARM.Collect$$libshutdown$$00000002  c_w.l(libshutdown2.o)
    0x0800020a   0x00000000   Code   RO         1280    .ARM.Collect$$libshutdown$$00000004  c_w.l(libshutdown2.o)
    0x0800020a   0x00000000   Code   RO         1283    .ARM.Collect$$libshutdown$$00000007  c_w.l(libshutdown2.o)
    0x0800020a   0x00000000   Code   RO         1286    .ARM.Collect$$libshutdown$$0000000A  c_w.l(libshutdown2.o)
    0x0800020a   0x00000000   Code   RO         1288    .ARM.Collect$$libshutdown$$0000000C  c_w.l(libshutdown2.o)
    0x0800020a   0x00000000   Code   RO         1291    .ARM.Collect$$libshutdown$$0000000F  c_w.l(libshutdown2.o)
    0x0800020a   0x00000002   Code   RO         1292    .ARM.Collect$$libshutdown$$00000010  c_w.l(libshutdown2.o)
    0x0800020c   0x00000000   Code   RO         1097    .ARM.Collect$$rtentry$$00000000  c_w.l(__rtentry.o)
    0x0800020c   0x00000000   Code   RO         1121    .ARM.Collect$$rtentry$$00000002  c_w.l(__rtentry2.o)
    0x0800020c   0x00000006   Code   RO         1133    .ARM.Collect$$rtentry$$00000004  c_w.l(__rtentry4.o)
    0x08000212   0x00000000   Code   RO         1123    .ARM.Collect$$rtentry$$00000009  c_w.l(__rtentry2.o)
    0x08000212   0x00000004   Code   RO         1124    .ARM.Collect$$rtentry$$0000000A  c_w.l(__rtentry2.o)
    0x08000216   0x00000000   Code   RO         1126    .ARM.Collect$$rtentry$$0000000C  c_w.l(__rtentry2.o)
    0x08000216   0x00000008   Code   RO         1127    .ARM.Collect$$rtentry$$0000000D  c_w.l(__rtentry2.o)
    0x0800021e   0x00000002   Code   RO         1242    .ARM.Collect$$rtexit$$00000000  c_w.l(rtexit.o)
    0x08000220   0x00000000   Code   RO         1249    .ARM.Collect$$rtexit$$00000002  c_w.l(rtexit2.o)
    0x08000220   0x00000004   Code   RO         1250    .ARM.Collect$$rtexit$$00000003  c_w.l(rtexit2.o)
    0x08000224   0x00000006   Code   RO         1251    .ARM.Collect$$rtexit$$00000004  c_w.l(rtexit2.o)
    0x0800022a   0x00000002   PAD
    0x0800022c   0x00001c54   Code   RO          202    .text               deca_device.o
    0x08001e80   0x00000044   Code   RO          266    .text               deca_mutex.o
    0x08001ec4   0x00000114   Code   RO          278    .text               deca_spi.o
    0x08001fd8   0x0000017c   Code   RO          290    .text               device_info.o
    0x08002154   0x000007a8   Code   RO          312    .text               main.o
    0x080028fc   0x00000064   Code   RO          367    .text               stm32f10x_it.o
    0x08002960   0x000000cc   Code   RO          411    .text               led.o
    0x08002a2c   0x00000404   Code   RO          423    .text               port.o
    0x08002e30   0x00000144   Code   RO          440    .text               stmflash.o
    0x08002f74   0x00000900   Code   RO          455    .text               w5500.o
    0x08003874   0x000001cc   Code   RO          474    .text               hw_config.o
    0x08003a40   0x000000c8   Code   RO          548    .text               usb_endp.o
    0x08003b08   0x000001d0   Code   RO          566    .text               usb_istr.o
    0x08003cd8   0x00000014   Code   RO          584    .text               usb_it.o
    0x08003cec   0x0000023c   Code   RO          596    .text               usb_prop.o
    0x08003f28   0x00000240   Code   RO          619    .text               usb_pwr.o
    0x08004168   0x00000b50   Code   RO          638    .text               usb_core.o
    0x08004cb8   0x0000003c   Code   RO          653    .text               usb_init.o
    0x08004cf4   0x0000033c   Code   RO          676    .text               usb_int.o
    0x08005030   0x0000005c   Code   RO          700    .text               usb_mem.o
    0x0800508c   0x00000808   Code   RO          712    .text               usb_regs.o
    0x08005894   0x00000080   Code   RO          724    .text               usb_sil.o
    0x08005914   0x000000ec   Code   RO          736    .text               delay.o
    0x08005a00   0x00000294   Code   RO          767    .text               usart.o
    0x08005c94   0x000004ea   Code   RO          806    .text               queue.o
    0x0800617e   0x00000002   PAD
    0x08006180   0x000000dc   Code   RO          836    .text               misc.o
    0x0800625c   0x0000011c   Code   RO          860    .text               stm32f10x_exti.o
    0x08006378   0x000005bc   Code   RO          872    .text               stm32f10x_flash.o
    0x08006934   0x0000035c   Code   RO          884    .text               stm32f10x_gpio.o
    0x08006c90   0x000003a4   Code   RO          896    .text               stm32f10x_rcc.o
    0x08007034   0x0000030c   Code   RO          910    .text               stm32f10x_spi.o
    0x08007340   0x00000408   Code   RO          922    .text               stm32f10x_usart.o
    0x08007748   0x00000040   Code   RO          937    .text               startup_stm32f10x_hd.o
    0x08007788   0x000001e0   Code   RO          941    .text               system_stm32f10x.o
    0x08007968   0x00000002   Code   RO          961    .text               c_w.l(use_no_semi_2.o)
    0x0800796a   0x00000002   PAD
    0x0800796c   0x00000018   Code   RO          967    .text               c_w.l(noretval__2printf.o)
    0x08007984   0x00000028   Code   RO          969    .text               c_w.l(noretval__2sprintf.o)
    0x080079ac   0x0000004e   Code   RO          973    .text               c_w.l(_printf_pad.o)
    0x080079fa   0x00000002   PAD
    0x080079fc   0x00000058   Code   RO          978    .text               c_w.l(_printf_hex_int.o)
    0x08007a54   0x00000138   Code   RO         1008    .text               c_w.l(__printf_flags_wp.o)
    0x08007b8c   0x0000008a   Code   RO         1019    .text               c_w.l(rt_memcpy_v6.o)
    0x08007c16   0x00000064   Code   RO         1021    .text               c_w.l(rt_memcpy_w.o)
    0x08007c7a   0x0000004e   Code   RO         1023    .text               c_w.l(rt_memclr_w.o)
    0x08007cc8   0x00000006   Code   RO         1025    .text               c_w.l(heapauxi.o)
    0x08007cce   0x00000002   Code   RO         1095    .text               c_w.l(use_no_semi.o)
    0x08007cd0   0x000000b2   Code   RO         1098    .text               c_w.l(_printf_intcommon.o)
    0x08007d82   0x0000041a   Code   RO         1100    .text               c_w.l(_printf_fp_dec.o)
    0x0800819c   0x00000030   Code   RO         1102    .text               c_w.l(_printf_char_common.o)
    0x080081cc   0x0000000a   Code   RO         1104    .text               c_w.l(_sputc.o)
    0x080081d6   0x00000002   PAD
    0x080081d8   0x00000024   Code   RO         1106    .text               c_w.l(_printf_char_file.o)
    0x080081fc   0x00000008   Code   RO         1138    .text               c_w.l(rt_locale_intlibspace.o)
    0x08008204   0x0000008a   Code   RO         1140    .text               c_w.l(lludiv10.o)
    0x0800828e   0x00000002   PAD
    0x08008290   0x00000080   Code   RO         1142    .text               c_w.l(_printf_fp_infnan.o)
    0x08008310   0x000000dc   Code   RO         1146    .text               c_w.l(bigflt0.o)
    0x080083ec   0x00000008   Code   RO         1171    .text               c_w.l(ferror.o)
    0x080083f4   0x00000008   Code   RO         1182    .text               c_w.l(libspace.o)
    0x080083fc   0x0000004a   Code   RO         1185    .text               c_w.l(sys_stackheap_outer.o)
    0x08008446   0x00000012   Code   RO         1187    .text               c_w.l(exit.o)
    0x08008458   0x00000080   Code   RO         1189    .text               c_w.l(strcmpv7m.o)
    0x080084d8   0x0000003e   Code   RO         1149    CL$$btod_d2e        c_w.l(btod.o)
    0x08008516   0x00000046   Code   RO         1151    CL$$btod_d2e_denorm_low  c_w.l(btod.o)
    0x0800855c   0x00000060   Code   RO         1150    CL$$btod_d2e_norm_op1  c_w.l(btod.o)
    0x080085bc   0x00000338   Code   RO         1159    CL$$btod_div_common  c_w.l(btod.o)
    0x080088f4   0x000000c6   Code   RO         1156    CL$$btod_e2e        c_w.l(btod.o)
    0x080089ba   0x00000028   Code   RO         1153    CL$$btod_ediv       c_w.l(btod.o)
    0x080089e2   0x00000028   Code   RO         1152    CL$$btod_emul       c_w.l(btod.o)
    0x08008a0a   0x00000244   Code   RO         1158    CL$$btod_mult_common  c_w.l(btod.o)
    0x08008c4e   0x00000028   Code   RO         1180    i.__ARM_fpclassify  m_ws.l(fpclassify.o)
    0x08008c76   0x0000000e   Code   RO         1006    i._is_digit         c_w.l(__printf_wp.o)
    0x08008c84   0x0000002c   Code   RO         1176    locale$$code        c_w.l(lc_numeric_c.o)
    0x08008cb0   0x00000062   Code   RO         1029    x$fpl$d2f           fz_ws.l(d2f.o)
    0x08008d12   0x00000002   PAD
    0x08008d14   0x00000150   Code   RO         1031    x$fpl$dadd          fz_ws.l(daddsub_clz.o)
    0x08008e64   0x000002b0   Code   RO         1038    x$fpl$ddiv          fz_ws.l(ddiv.o)
    0x08009114   0x0000002e   Code   RO         1050    x$fpl$dflt          fz_ws.l(dflt_clz.o)
    0x08009142   0x00000026   Code   RO         1049    x$fpl$dfltu         fz_ws.l(dflt_clz.o)
    0x08009168   0x00000154   Code   RO         1061    x$fpl$dmul          fz_ws.l(dmul.o)
    0x080092bc   0x0000009c   Code   RO         1111    x$fpl$dnaninf       fz_ws.l(dnaninf.o)
    0x08009358   0x0000000c   Code   RO         1113    x$fpl$dretinf       fz_ws.l(dretinf.o)
    0x08009364   0x000001d4   Code   RO         1033    x$fpl$dsub          fz_ws.l(daddsub_clz.o)
    0x08009538   0x00000056   Code   RO         1065    x$fpl$f2d           fz_ws.l(f2d.o)
    0x0800958e   0x0000008c   Code   RO         1115    x$fpl$fnaninf       fz_ws.l(fnaninf.o)
    0x0800961a   0x0000000a   Code   RO         1117    x$fpl$fretinf       fz_ws.l(fretinf.o)
    0x08009624   0x00000004   Code   RO         1089    x$fpl$printf1       fz_ws.l(printf1.o)
    0x08009628   0x00000000   Code   RO         1119    x$fpl$usenofp       fz_ws.l(usenofp.o)
    0x08009628   0x000000b2   Data   RO          229    .constdata          deca_params_init.o
    0x080096da   0x00000097   Data   RO          535    .constdata          usb_desc.o
    0x08009771   0x00000028   Data   RO          979    .constdata          c_w.l(_printf_hex_int.o)
    0x08009799   0x00000011   Data   RO         1009    .constdata          c_w.l(__printf_flags_wp.o)
    0x080097aa   0x00000002   PAD
    0x080097ac   0x00000094   Data   RO         1147    .constdata          c_w.l(bigflt0.o)
    0x08009840   0x0000004b   Data   RO          204    .conststring        deca_device.o
    0x0800988b   0x00000001   PAD
    0x0800988c   0x0000004f   Data   RO          314    .conststring        main.o
    0x080098db   0x00000001   PAD
    0x080098dc   0x00000020   Data   RO         1317    Region$$Table       anon$$obj.o
    0x080098fc   0x0000001c   Data   RO         1175    locale$$data        c_w.l(lc_numeric_c.o)


    Execution Region RW_IRAM1 (Base: 0x20000000, Size: 0x00002b00, Max: 0x0000c000, ABSOLUTE, COMPRESSED[0x000000c0])

    Base Addr    Size         Type   Attr      Idx    E Section Name        Object

    0x20000000   0x00000004   Data   RW          205    .data               deca_device.o
    0x20000004   0x0000002e   Data   RW          315    .data               main.o
    0x20000032   0x00000002   PAD
    0x20000034   0x00000004   Data   RW          368    .data               stm32f10x_it.o
    0x20000038   0x00000024   Data   RW          457    .data               w5500.o
    0x2000005c   0x0000000c   Data   RW          476    .data               hw_config.o
    0x20000068   0x00000026   Data   RW          536    .data               usb_desc.o
    0x2000008e   0x00000002   PAD
    0x20000090   0x00000008   Data   RW          550    .data               usb_endp.o
    0x20000098   0x00000044   Data   RW          567    .data               usb_istr.o
    0x200000dc   0x00000094   Data   RW          597    .data               usb_prop.o
    0x20000170   0x0000000c   Data   RW          621    .data               usb_pwr.o
    0x2000017c   0x00000003   Data   RW          639    .data               usb_core.o
    0x2000017f   0x00000001   PAD
    0x20000180   0x00000014   Data   RW          655    .data               usb_init.o
    0x20000194   0x00000004   Data   RW          677    .data               usb_int.o
    0x20000198   0x00000004   Data   RW          737    .data               delay.o
    0x2000019c   0x00000009   Data   RW          769    .data               usart.o
    0x200001a5   0x00000014   Data   RW          897    .data               stm32f10x_rcc.o
    0x200001b9   0x00000003   PAD
    0x200001bc   0x00000014   Data   RW          942    .data               system_stm32f10x.o
    0x200001d0   0x000000b8   Zero   RW          203    .bss                deca_device.o
    0x20000288   0x00000060   Zero   RW          291    .bss                device_info.o
    0x200002e8   0x0000011f   Zero   RW          313    .bss                main.o
    0x20000407   0x00000001   PAD
    0x20000408   0x00000400   Zero   RW          441    .bss                stmflash.o
    0x20000808   0x00001000   Zero   RW          456    .bss                w5500.o
    0x20001808   0x00000a30   Zero   RW          475    .bss                hw_config.o
    0x20002238   0x00000080   Zero   RW          549    .bss                usb_endp.o
    0x200022b8   0x00000020   Zero   RW          620    .bss                usb_pwr.o
    0x200022d8   0x0000001c   Zero   RW          654    .bss                usb_init.o
    0x200022f4   0x000001a6   Zero   RW          768    .bss                usart.o
    0x2000249a   0x00000002   PAD
    0x2000249c   0x00000060   Zero   RW         1183    .bss                c_w.l(libspace.o)
    0x200024fc   0x00000004   PAD
    0x20002500   0x00000200   Zero   RW          935    HEAP                startup_stm32f10x_hd.o
    0x20002700   0x00000400   Zero   RW          934    STACK               startup_stm32f10x_hd.o


==============================================================================

Image component sizes


      Code (inc. data)   RO Data    RW Data    ZI Data      Debug   Object Name

      7252        166         75          4        184      28690   deca_device.o
        68          6          0          0          0        807   deca_mutex.o
         0          0        178          0          0       1884   deca_params_init.o
       276         10          0          0          0       2068   deca_spi.o
       236         18          0          4          0       1245   delay.o
       380         54          0          0         96       3082   device_info.o
       460         40          0         12       2608      17273   hw_config.o
         0          0          0          0          0     251704   instance.o
         0          0          0          0          0      15055   instance_common.o
       204         16          0          0          0        864   led.o
      1960        124         79         46        287      22785   main.o
       220         22          0          0          0       1881   misc.o
      1028         38          0          0          0      18888   port.o
      1258          0          0          0          0       9551   queue.o
        64         26        304          0       1536        824   startup_stm32f10x_hd.o
       284         10          0          0          0       2339   stm32f10x_exti.o
      1468         34          0          0          0       8290   stm32f10x_flash.o
       860         38          0          0          0       5817   stm32f10x_gpio.o
       100          6          0          4          0       2058   stm32f10x_it.o
       932         36          0         20          0       8988   stm32f10x_rcc.o
       780         14          0          0          0       6698   stm32f10x_spi.o
      1032         22          0          0          0       8540   stm32f10x_usart.o
       324          8          0          0       1024       2702   stmflash.o
         0          0          0          0          0         32   sys.o
       480         38          0         20          0       1855   system_stm32f10x.o
       660         28          0          9        422       4936   usart.o
      2896        114          0          3          0       8003   usb_core.o
         0          0        151         38          0       1031   usb_desc.o
       200         22          0          8        128       1556   usb_endp.o
        60         24          0         20         28       3950   usb_init.o
       828         34          0          4          0       1803   usb_int.o
       464         38          0         68          0       1559   usb_istr.o
        20          0          0          0          0        598   usb_it.o
        92          6          0          0          0       1318   usb_mem.o
       572         42          0        148          0       7279   usb_prop.o
       576         40          0         12         32       2863   usb_pwr.o
      2056         20          0          0          0      11893   usb_regs.o
       128          8          0          0          0       1382   usb_sil.o
      2304         72          0         36       4096      11124   w5500.o

    ----------------------------------------------------------------------
     30524       1174        821        464      10444     483215   Object Totals
         0          0         32          0          0          0   (incl. Generated)
         2          0          2          8          3          0   (incl. Padding)

    ----------------------------------------------------------------------

      Code (inc. data)   RO Data    RW Data    ZI Data      Debug   Library Member Name

        90          0          0          0          0          0   __dczerorl2.o
         8          0          0          0          0         68   __main.o
       312          4         17          0          0         92   __printf_flags_wp.o
        14          0          0          0          0         68   __printf_wp.o
         0          0          0          0          0          0   __rtentry.o
        12          0          0          0          0          0   __rtentry2.o
         6          0          0          0          0          0   __rtentry4.o
        52          8          0          0          0          0   __scatter.o
        28          0          0          0          0          0   __scatter_zi.o
        48          6          0          0          0         96   _printf_char_common.o
        36          4          0          0          0         80   _printf_char_file.o
         6          0          0          0          0          0   _printf_f.o
      1050          0          0          0          0        216   _printf_fp_dec.o
       128         16          0          0          0         84   _printf_fp_infnan.o
        88          4         40          0          0         88   _printf_hex_int.o
       178          0          0          0          0         88   _printf_intcommon.o
        78          0          0          0          0        108   _printf_pad.o
         0          0          0          0          0          0   _printf_percent.o
         4          0          0          0          0          0   _printf_percent_end.o
         6          0          0          0          0          0   _printf_x.o
        10          0          0          0          0         68   _sputc.o
       220          4        148          0          0         96   bigflt0.o
      1910        128          0          0          0        672   btod.o
        18          0          0          0          0         80   exit.o
         8          0          0          0          0         68   ferror.o
         6          0          0          0          0        152   heapauxi.o
        44         10         28          0          0         76   lc_numeric_c.o
         2          0          0          0          0          0   libinit.o
        18          0          0          0          0          0   libinit2.o
         2          0          0          0          0          0   libshutdown.o
         2          0          0          0          0          0   libshutdown2.o
         8          4          0          0         96         68   libspace.o
       138          0          0          0          0         80   lludiv10.o
        24          4          0          0          0         84   noretval__2printf.o
        40          6          0          0          0         84   noretval__2sprintf.o
         8          4          0          0          0         68   rt_locale_intlibspace.o
        78          0          0          0          0         80   rt_memclr_w.o
       138          0          0          0          0         68   rt_memcpy_v6.o
       100          0          0          0          0         80   rt_memcpy_w.o
         2          0          0          0          0          0   rtexit.o
        10          0          0          0          0          0   rtexit2.o
       128          0          0          0          0         68   strcmpv7m.o
        74          0          0          0          0         80   sys_stackheap_outer.o
         2          0          0          0          0         68   use_no_semi.o
         2          0          0          0          0         68   use_no_semi_2.o
        98          4          0          0          0         92   d2f.o
       804         16          0          0          0        272   daddsub_clz.o
       688        140          0          0          0        208   ddiv.o
        84          0          0          0          0        136   dflt_clz.o
       340         12          0          0          0        104   dmul.o
       156          4          0          0          0         92   dnaninf.o
        12          0          0          0          0         68   dretinf.o
        86          4          0          0          0         84   f2d.o
       140          4          0          0          0         84   fnaninf.o
        10          0          0          0          0         68   fretinf.o
         4          0          0          0          0         68   printf1.o
         0          0          0          0          0          0   usenofp.o
        40          0          0          0          0         68   fpclassify.o

    ----------------------------------------------------------------------
      7612        386        235          0        100       4440   Library Totals
        14          0          2          0          4          0   (incl. Padding)

    ----------------------------------------------------------------------

      Code (inc. data)   RO Data    RW Data    ZI Data      Debug   Library Name

      5136        202        233          0         96       3096   c_w.l
      2422        184          0          0          0       1276   fz_ws.l
        40          0          0          0          0         68   m_ws.l

    ----------------------------------------------------------------------
      7612        386        235          0        100       4440   Library Totals

    ----------------------------------------------------------------------

==============================================================================


      Code (inc. data)   RO Data    RW Data    ZI Data      Debug   

     38136       1560       1056        464      10544     481827   Grand Totals
     38136       1560       1056        192      10544     481827   ELF Image Totals (compressed)
     38136       1560       1056        192          0          0   ROM Totals

==============================================================================

    Total RO  Size (Code + RO Data)                39192 (  38.27kB)
    Total RW  Size (RW Data + ZI Data)             11008 (  10.75kB)
    Total ROM Size (Code + RO Data + RW Data)      39384 (  38.46kB)

==============================================================================

